------------------------------------------------------------
Timing Analyzer Summary
------------------------------------------------------------

Type  : Slow 1200mV 85C Model Setup 'clk'
Slack : -26.036
TNS   : -1205.333

Type  : Slow 1200mV 85C Model Setup 'lcddin_mod:lcd_display|clk_16ms'
Slack : -2.889
TNS   : -34.933

Type  : Slow 1200mV 85C Model Setup 'master:master|scl'
Slack : -2.730
TNS   : -70.865

Type  : Slow 1200mV 85C Model Setup 'beg_com:beg_com|beg'
Slack : -1.744
TNS   : -23.137

Type  : Slow 1200mV 85C Model Hold 'lcddin_mod:lcd_display|clk_16ms'
Slack : 0.434
TNS   : 0.000

Type  : Slow 1200mV 85C Model Hold 'clk'
Slack : 0.436
TNS   : 0.000

Type  : Slow 1200mV 85C Model Hold 'master:master|scl'
Slack : 0.523
TNS   : 0.000

Type  : Slow 1200mV 85C Model Hold 'beg_com:beg_com|beg'
Slack : 1.075
TNS   : 0.000

Type  : Slow 1200mV 85C Model Minimum Pulse Width 'clk'
Slack : -3.000
TNS   : -187.388

Type  : Slow 1200mV 85C Model Minimum Pulse Width 'master:master|scl'
Slack : -1.487
TNS   : -46.097

Type  : Slow 1200mV 85C Model Minimum Pulse Width 'beg_com:beg_com|beg'
Slack : -1.487
TNS   : -35.688

Type  : Slow 1200mV 85C Model Minimum Pulse Width 'lcddin_mod:lcd_display|clk_16ms'
Slack : -1.487
TNS   : -32.714

Type  : Slow 1200mV 0C Model Setup 'clk'
Slack : -23.758
TNS   : -1095.344

Type  : Slow 1200mV 0C Model Setup 'lcddin_mod:lcd_display|clk_16ms'
Slack : -2.581
TNS   : -31.327

Type  : Slow 1200mV 0C Model Setup 'master:master|scl'
Slack : -2.484
TNS   : -64.276

Type  : Slow 1200mV 0C Model Setup 'beg_com:beg_com|beg'
Slack : -1.766
TNS   : -24.120

Type  : Slow 1200mV 0C Model Hold 'lcddin_mod:lcd_display|clk_16ms'
Slack : 0.319
TNS   : 0.000

Type  : Slow 1200mV 0C Model Hold 'clk'
Slack : 0.385
TNS   : 0.000

Type  : Slow 1200mV 0C Model Hold 'master:master|scl'
Slack : 0.483
TNS   : 0.000

Type  : Slow 1200mV 0C Model Hold 'beg_com:beg_com|beg'
Slack : 1.196
TNS   : 0.000

Type  : Slow 1200mV 0C Model Minimum Pulse Width 'clk'
Slack : -3.000
TNS   : -187.388

Type  : Slow 1200mV 0C Model Minimum Pulse Width 'master:master|scl'
Slack : -1.487
TNS   : -46.097

Type  : Slow 1200mV 0C Model Minimum Pulse Width 'beg_com:beg_com|beg'
Slack : -1.487
TNS   : -35.688

Type  : Slow 1200mV 0C Model Minimum Pulse Width 'lcddin_mod:lcd_display|clk_16ms'
Slack : -1.487
TNS   : -32.747

Type  : Fast 1200mV 0C Model Setup 'clk'
Slack : -10.586
TNS   : -466.344

Type  : Fast 1200mV 0C Model Setup 'lcddin_mod:lcd_display|clk_16ms'
Slack : -0.693
TNS   : -4.704

Type  : Fast 1200mV 0C Model Setup 'master:master|scl'
Slack : -0.691
TNS   : -14.309

Type  : Fast 1200mV 0C Model Setup 'beg_com:beg_com|beg'
Slack : -0.307
TNS   : -0.821

Type  : Fast 1200mV 0C Model Hold 'lcddin_mod:lcd_display|clk_16ms'
Slack : 0.179
TNS   : 0.000

Type  : Fast 1200mV 0C Model Hold 'clk'
Slack : 0.180
TNS   : 0.000

Type  : Fast 1200mV 0C Model Hold 'master:master|scl'
Slack : 0.212
TNS   : 0.000

Type  : Fast 1200mV 0C Model Hold 'beg_com:beg_com|beg'
Slack : 0.537
TNS   : 0.000

Type  : Fast 1200mV 0C Model Minimum Pulse Width 'clk'
Slack : -3.000
TNS   : -135.262

Type  : Fast 1200mV 0C Model Minimum Pulse Width 'master:master|scl'
Slack : -1.000
TNS   : -31.000

Type  : Fast 1200mV 0C Model Minimum Pulse Width 'beg_com:beg_com|beg'
Slack : -1.000
TNS   : -24.000

Type  : Fast 1200mV 0C Model Minimum Pulse Width 'lcddin_mod:lcd_display|clk_16ms'
Slack : -1.000
TNS   : -22.000

------------------------------------------------------------
