------------------------------------------------------------
Timing Analyzer Summary
------------------------------------------------------------

Type  : Slow 1200mV 85C Model Setup 'clk'
Slack : -26.367
TNS   : -1147.813

Type  : Slow 1200mV 85C Model Setup 'master:master|scl'
Slack : -2.590
TNS   : -42.072

Type  : Slow 1200mV 85C Model Setup 'lcddin_mod:lcd_display|clk_16ms'
Slack : -2.139
TNS   : -8.032

Type  : Slow 1200mV 85C Model Setup 'beg_com:beg_com|beg'
Slack : -1.529
TNS   : -11.196

Type  : Slow 1200mV 85C Model Hold 'clk'
Slack : 0.452
TNS   : 0.000

Type  : Slow 1200mV 85C Model Hold 'lcddin_mod:lcd_display|clk_16ms'
Slack : 0.453
TNS   : 0.000

Type  : Slow 1200mV 85C Model Hold 'master:master|scl'
Slack : 0.523
TNS   : 0.000

Type  : Slow 1200mV 85C Model Hold 'beg_com:beg_com|beg'
Slack : 0.733
TNS   : 0.000

Type  : Slow 1200mV 85C Model Minimum Pulse Width 'clk'
Slack : -3.000
TNS   : -163.596

Type  : Slow 1200mV 85C Model Minimum Pulse Width 'master:master|scl'
Slack : -1.487
TNS   : -28.253

Type  : Slow 1200mV 85C Model Minimum Pulse Width 'beg_com:beg_com|beg'
Slack : -1.487
TNS   : -17.844

Type  : Slow 1200mV 85C Model Minimum Pulse Width 'lcddin_mod:lcd_display|clk_16ms'
Slack : -1.487
TNS   : -11.896

Type  : Slow 1200mV 0C Model Setup 'clk'
Slack : -24.093
TNS   : -1042.865

Type  : Slow 1200mV 0C Model Setup 'master:master|scl'
Slack : -2.393
TNS   : -38.409

Type  : Slow 1200mV 0C Model Setup 'lcddin_mod:lcd_display|clk_16ms'
Slack : -1.916
TNS   : -6.877

Type  : Slow 1200mV 0C Model Setup 'beg_com:beg_com|beg'
Slack : -1.564
TNS   : -11.263

Type  : Slow 1200mV 0C Model Hold 'clk'
Slack : 0.401
TNS   : 0.000

Type  : Slow 1200mV 0C Model Hold 'lcddin_mod:lcd_display|clk_16ms'
Slack : 0.403
TNS   : 0.000

Type  : Slow 1200mV 0C Model Hold 'master:master|scl'
Slack : 0.482
TNS   : 0.000

Type  : Slow 1200mV 0C Model Hold 'beg_com:beg_com|beg'
Slack : 0.827
TNS   : 0.000

Type  : Slow 1200mV 0C Model Minimum Pulse Width 'clk'
Slack : -3.000
TNS   : -163.596

Type  : Slow 1200mV 0C Model Minimum Pulse Width 'master:master|scl'
Slack : -1.487
TNS   : -28.253

Type  : Slow 1200mV 0C Model Minimum Pulse Width 'beg_com:beg_com|beg'
Slack : -1.487
TNS   : -17.844

Type  : Slow 1200mV 0C Model Minimum Pulse Width 'lcddin_mod:lcd_display|clk_16ms'
Slack : -1.487
TNS   : -11.896

Type  : Fast 1200mV 0C Model Setup 'clk'
Slack : -10.624
TNS   : -444.759

Type  : Fast 1200mV 0C Model Setup 'master:master|scl'
Slack : -0.709
TNS   : -9.946

Type  : Fast 1200mV 0C Model Setup 'lcddin_mod:lcd_display|clk_16ms'
Slack : -0.347
TNS   : -0.583

Type  : Fast 1200mV 0C Model Setup 'beg_com:beg_com|beg'
Slack : -0.233
TNS   : -0.610

Type  : Fast 1200mV 0C Model Hold 'clk'
Slack : 0.186
TNS   : 0.000

Type  : Fast 1200mV 0C Model Hold 'lcddin_mod:lcd_display|clk_16ms'
Slack : 0.186
TNS   : 0.000

Type  : Fast 1200mV 0C Model Hold 'master:master|scl'
Slack : 0.211
TNS   : 0.000

Type  : Fast 1200mV 0C Model Hold 'beg_com:beg_com|beg'
Slack : 0.385
TNS   : 0.000

Type  : Fast 1200mV 0C Model Minimum Pulse Width 'clk'
Slack : -3.000
TNS   : -118.018

Type  : Fast 1200mV 0C Model Minimum Pulse Width 'master:master|scl'
Slack : -1.000
TNS   : -19.000

Type  : Fast 1200mV 0C Model Minimum Pulse Width 'beg_com:beg_com|beg'
Slack : -1.000
TNS   : -12.000

Type  : Fast 1200mV 0C Model Minimum Pulse Width 'lcddin_mod:lcd_display|clk_16ms'
Slack : -1.000
TNS   : -8.000

------------------------------------------------------------
