#! /usr/bin/vvp
:ivl_version "12.0 (stable)";
:ivl_delay_selection "TYPICAL";
:vpi_time_precision + 0;
:vpi_module "/usr/lib/x86_64-linux-gnu/ivl/system.vpi";
:vpi_module "/usr/lib/x86_64-linux-gnu/ivl/vhdl_sys.vpi";
:vpi_module "/usr/lib/x86_64-linux-gnu/ivl/vhdl_textio.vpi";
:vpi_module "/usr/lib/x86_64-linux-gnu/ivl/v2005_math.vpi";
:vpi_module "/usr/lib/x86_64-linux-gnu/ivl/va_math.vpi";
S_0x55b37c33b490 .scope module, "alarm_led" "alarm_led" 2 1;
 .timescale 0 0;
    .port_info 0 /INPUT 1 "clk";
    .port_info 1 /INPUT 8 "Minutes";
    .port_info 2 /INPUT 8 "Seconds";
    .port_info 3 /OUTPUT 1 "buzzer";
    .port_info 4 /OUTPUT 7 "leds";
o0x7f8f9faae018 .functor BUFZ 8, C4<zzzzzzzz>; HiZ drive
v0x55b37c367120_0 .net "Minutes", 7 0, o0x7f8f9faae018;  0 drivers
v0x55b37c390580_0 .net "Minutes_C", 7 0, L_0x55b37c392380;  1 drivers
o0x7f8f9faae078 .functor BUFZ 8, C4<zzzzzzzz>; HiZ drive
v0x55b37c390660_0 .net "Seconds", 7 0, o0x7f8f9faae078;  0 drivers
v0x55b37c390720_0 .net "Seconds_C", 7 0, L_0x55b37c392b00;  1 drivers
v0x55b37c390800_0 .net *"_ivl_1", 3 0, L_0x55b37c391dc0;  1 drivers
v0x55b37c390930_0 .net *"_ivl_11", 3 0, L_0x55b37c392120;  1 drivers
v0x55b37c390a10_0 .net *"_ivl_12", 7 0, L_0x55b37c392240;  1 drivers
L_0x7f8f9f6ce0a8 .functor BUFT 1, C4<0000>, C4<0>, C4<0>, C4<0>;
v0x55b37c390af0_0 .net *"_ivl_15", 3 0, L_0x7f8f9f6ce0a8;  1 drivers
v0x55b37c390bd0_0 .net *"_ivl_19", 3 0, L_0x55b37c392500;  1 drivers
v0x55b37c390cb0_0 .net *"_ivl_2", 7 0, L_0x55b37c391e90;  1 drivers
v0x55b37c390d90_0 .net *"_ivl_20", 7 0, L_0x55b37c3925a0;  1 drivers
L_0x7f8f9f6ce0f0 .functor BUFT 1, C4<0000>, C4<0>, C4<0>, C4<0>;
v0x55b37c390e70_0 .net *"_ivl_23", 3 0, L_0x7f8f9f6ce0f0;  1 drivers
L_0x7f8f9f6ce138 .functor BUFT 1, C4<00001010>, C4<0>, C4<0>, C4<0>;
v0x55b37c390f50_0 .net/2u *"_ivl_24", 7 0, L_0x7f8f9f6ce138;  1 drivers
v0x55b37c391030_0 .net *"_ivl_27", 7 0, L_0x55b37c392780;  1 drivers
v0x55b37c391110_0 .net *"_ivl_29", 3 0, L_0x55b37c3928c0;  1 drivers
v0x55b37c3911f0_0 .net *"_ivl_30", 7 0, L_0x55b37c392a10;  1 drivers
L_0x7f8f9f6ce180 .functor BUFT 1, C4<0000>, C4<0>, C4<0>, C4<0>;
v0x55b37c3912d0_0 .net *"_ivl_33", 3 0, L_0x7f8f9f6ce180;  1 drivers
L_0x7f8f9f6ce018 .functor BUFT 1, C4<0000>, C4<0>, C4<0>, C4<0>;
v0x55b37c3914c0_0 .net *"_ivl_5", 3 0, L_0x7f8f9f6ce018;  1 drivers
L_0x7f8f9f6ce060 .functor BUFT 1, C4<00001010>, C4<0>, C4<0>, C4<0>;
v0x55b37c3915a0_0 .net/2u *"_ivl_6", 7 0, L_0x7f8f9f6ce060;  1 drivers
v0x55b37c391680_0 .net *"_ivl_9", 7 0, L_0x55b37c391fb0;  1 drivers
v0x55b37c391760_0 .var "buzzer", 0 0;
v0x55b37c391820_0 .var "buzzer_minute", 0 0;
o0x7f8f9faae438 .functor BUFZ 1, C4<z>; HiZ drive
v0x55b37c3918e0_0 .net "clk", 0 0, o0x7f8f9faae438;  0 drivers
v0x55b37c3919a0_0 .var "intervalo", 5 0;
v0x55b37c391a80_0 .var "last_min_bin", 7 0;
v0x55b37c391b60_0 .var "led_index", 2 0;
v0x55b37c391c40_0 .var "leds", 6 0;
E_0x55b37c375150 .event posedge, v0x55b37c3918e0_0;
L_0x55b37c391dc0 .part o0x7f8f9faae018, 4, 4;
L_0x55b37c391e90 .concat [ 4 4 0 0], L_0x55b37c391dc0, L_0x7f8f9f6ce018;
L_0x55b37c391fb0 .arith/mult 8, L_0x55b37c391e90, L_0x7f8f9f6ce060;
L_0x55b37c392120 .part o0x7f8f9faae018, 0, 4;
L_0x55b37c392240 .concat [ 4 4 0 0], L_0x55b37c392120, L_0x7f8f9f6ce0a8;
L_0x55b37c392380 .arith/sum 8, L_0x55b37c391fb0, L_0x55b37c392240;
L_0x55b37c392500 .part o0x7f8f9faae078, 4, 4;
L_0x55b37c3925a0 .concat [ 4 4 0 0], L_0x55b37c392500, L_0x7f8f9f6ce0f0;
L_0x55b37c392780 .arith/mult 8, L_0x55b37c3925a0, L_0x7f8f9f6ce138;
L_0x55b37c3928c0 .part o0x7f8f9faae078, 0, 4;
L_0x55b37c392a10 .concat [ 4 4 0 0], L_0x55b37c3928c0, L_0x7f8f9f6ce180;
L_0x55b37c392b00 .arith/sum 8, L_0x55b37c392780, L_0x55b37c392a10;
    .scope S_0x55b37c33b490;
T_0 ;
    %pushi/vec4 2, 0, 6;
    %assign/vec4 v0x55b37c3919a0_0, 0;
    %pushi/vec4 0, 0, 8;
    %assign/vec4 v0x55b37c391a80_0, 0;
    %pushi/vec4 0, 0, 3;
    %assign/vec4 v0x55b37c391b60_0, 0;
    %pushi/vec4 0, 0, 1;
    %assign/vec4 v0x55b37c391820_0, 0;
    %end;
    .thread T_0;
    .scope S_0x55b37c33b490;
T_1 ;
    %wait E_0x55b37c375150;
    %load/vec4 v0x55b37c390580_0;
    %load/vec4 v0x55b37c391a80_0;
    %cmp/ne;
    %flag_get/vec4 4;
    %load/vec4 v0x55b37c390580_0;
    %pad/u 32;
    %load/vec4 v0x55b37c3919a0_0;
    %pad/u 32;
    %mod;
    %pushi/vec4 0, 0, 32;
    %cmp/e;
    %flag_get/vec4 4;
    %and;
    %flag_set/vec4 8;
    %jmp/0xz  T_1.0, 8;
    %load/vec4 v0x55b37c390580_0;
    %assign/vec4 v0x55b37c391a80_0, 0;
    %pushi/vec4 1, 0, 1;
    %assign/vec4 v0x55b37c391820_0, 0;
    %load/vec4 v0x55b37c391b60_0;
    %dup/vec4;
    %pushi/vec4 0, 0, 3;
    %cmp/u;
    %jmp/1 T_1.2, 6;
    %dup/vec4;
    %pushi/vec4 1, 0, 3;
    %cmp/u;
    %jmp/1 T_1.3, 6;
    %dup/vec4;
    %pushi/vec4 2, 0, 3;
    %cmp/u;
    %jmp/1 T_1.4, 6;
    %dup/vec4;
    %pushi/vec4 3, 0, 3;
    %cmp/u;
    %jmp/1 T_1.5, 6;
    %dup/vec4;
    %pushi/vec4 4, 0, 3;
    %cmp/u;
    %jmp/1 T_1.6, 6;
    %dup/vec4;
    %pushi/vec4 5, 0, 3;
    %cmp/u;
    %jmp/1 T_1.7, 6;
    %dup/vec4;
    %pushi/vec4 6, 0, 3;
    %cmp/u;
    %jmp/1 T_1.8, 6;
    %jmp T_1.9;
T_1.2 ;
    %pushi/vec4 126, 0, 7;
    %assign/vec4 v0x55b37c391c40_0, 0;
    %jmp T_1.9;
T_1.3 ;
    %pushi/vec4 125, 0, 7;
    %assign/vec4 v0x55b37c391c40_0, 0;
    %jmp T_1.9;
T_1.4 ;
    %pushi/vec4 123, 0, 7;
    %assign/vec4 v0x55b37c391c40_0, 0;
    %jmp T_1.9;
T_1.5 ;
    %pushi/vec4 119, 0, 7;
    %assign/vec4 v0x55b37c391c40_0, 0;
    %jmp T_1.9;
T_1.6 ;
    %pushi/vec4 111, 0, 7;
    %assign/vec4 v0x55b37c391c40_0, 0;
    %jmp T_1.9;
T_1.7 ;
    %pushi/vec4 95, 0, 7;
    %assign/vec4 v0x55b37c391c40_0, 0;
    %jmp T_1.9;
T_1.8 ;
    %pushi/vec4 63, 0, 7;
    %assign/vec4 v0x55b37c391c40_0, 0;
    %jmp T_1.9;
T_1.9 ;
    %pop/vec4 1;
    %load/vec4 v0x55b37c391b60_0;
    %cmpi/e 6, 0, 3;
    %flag_mov 8, 4;
    %jmp/0 T_1.10, 8;
    %pushi/vec4 0, 0, 3;
    %jmp/1 T_1.11, 8;
T_1.10 ; End of true expr.
    %load/vec4 v0x55b37c391b60_0;
    %addi 1, 0, 3;
    %jmp/0 T_1.11, 8;
 ; End of false expr.
    %blend;
T_1.11;
    %assign/vec4 v0x55b37c391b60_0, 0;
    %jmp T_1.1;
T_1.0 ;
    %load/vec4 v0x55b37c390580_0;
    %load/vec4 v0x55b37c391a80_0;
    %cmp/ne;
    %jmp/0xz  T_1.12, 4;
    %load/vec4 v0x55b37c390580_0;
    %assign/vec4 v0x55b37c391a80_0, 0;
    %pushi/vec4 0, 0, 1;
    %assign/vec4 v0x55b37c391820_0, 0;
    %pushi/vec4 127, 0, 7;
    %assign/vec4 v0x55b37c391c40_0, 0;
T_1.12 ;
T_1.1 ;
    %jmp T_1;
    .thread T_1;
    .scope S_0x55b37c33b490;
T_2 ;
    %wait E_0x55b37c375150;
    %load/vec4 v0x55b37c391820_0;
    %flag_set/vec4 8;
    %jmp/0xz  T_2.0, 8;
    %load/vec4 v0x55b37c390720_0;
    %pad/u 32;
    %cmpi/e 2, 0, 32;
    %jmp/1 T_2.4, 4;
    %flag_mov 8, 4;
    %load/vec4 v0x55b37c390720_0;
    %pad/u 32;
    %cmpi/e 3, 0, 32;
    %flag_or 4, 8;
T_2.4;
    %flag_mov 8, 4;
    %jmp/0 T_2.2, 8;
    %pushi/vec4 0, 0, 2;
    %jmp/1 T_2.3, 8;
T_2.2 ; End of true expr.
    %pushi/vec4 1, 0, 2;
    %jmp/0 T_2.3, 8;
 ; End of false expr.
    %blend;
T_2.3;
    %pad/s 1;
    %assign/vec4 v0x55b37c391760_0, 0;
    %jmp T_2.1;
T_2.0 ;
    %pushi/vec4 1, 0, 1;
    %assign/vec4 v0x55b37c391760_0, 0;
T_2.1 ;
    %jmp T_2;
    .thread T_2;
# The file index is used to find the file name in the following table.
:file_names 3;
    "N/A";
    "<interactive>";
    "RTC_Analisis/alarm_led.v";
