#! /usr/bin/vvp
:ivl_version "12.0 (stable)";
:ivl_delay_selection "TYPICAL";
:vpi_time_precision + 0;
:vpi_module "/usr/lib/x86_64-linux-gnu/ivl/system.vpi";
:vpi_module "/usr/lib/x86_64-linux-gnu/ivl/vhdl_sys.vpi";
:vpi_module "/usr/lib/x86_64-linux-gnu/ivl/vhdl_textio.vpi";
:vpi_module "/usr/lib/x86_64-linux-gnu/ivl/v2005_math.vpi";
:vpi_module "/usr/lib/x86_64-linux-gnu/ivl/va_math.vpi";
S_0x5572089804f0 .scope module, "listen" "listen" 2 1;
 .timescale 0 0;
    .port_info 0 /INPUT 1 "scl";
    .port_info 1 /INPUT 1 "sda";
    .port_info 2 /INPUT 1 "sda_en";
    .port_info 3 /INPUT 1 "beg";
    .port_info 4 /OUTPUT 8 "Seconds";
    .port_info 5 /OUTPUT 8 "Minutes";
    .port_info 6 /OUTPUT 8 "Hours";
    .port_info 7 /OUTPUT 8 "Day";
    .port_info 8 /OUTPUT 8 "Date";
    .port_info 9 /OUTPUT 8 "Month";
    .port_info 10 /OUTPUT 8 "Year";
    .port_info 11 /OUTPUT 3 "Acknowledge";
P_0x557208980680 .param/l "Ndata" 0 2 2, +C4<00000000000000000000000000111011>;
v0x5572089d62d0_0 .var "Acknowledge", 2 0;
v0x5572089d63d0_0 .var "Date", 7 0;
v0x5572089d64b0_0 .var "Day", 7 0;
v0x5572089d65a0_0 .var "Hours", 7 0;
v0x5572089d6680_0 .var "Minutes", 0 7;
v0x5572089d67b0_0 .var "Month", 7 0;
v0x5572089d6890_0 .var "Seconds", 0 7;
v0x5572089d6970_0 .var "Year", 7 0;
o0x78dbc5dcf228 .functor BUFZ 1, C4<z>; HiZ drive
v0x5572089d6a50_0 .net "beg", 0 0, o0x78dbc5dcf228;  0 drivers
v0x5572089d6b10_0 .var "count", 6 0;
v0x5572089d6bf0_0 .var "data", 58 0;
o0x78dbc5dcf2b8 .functor BUFZ 1, C4<z>; HiZ drive
v0x5572089d6cd0_0 .net "scl", 0 0, o0x78dbc5dcf2b8;  0 drivers
o0x78dbc5dcf2e8 .functor BUFZ 1, C4<z>; HiZ drive
v0x5572089d6d90_0 .net "sda", 0 0, o0x78dbc5dcf2e8;  0 drivers
o0x78dbc5dcf318 .functor BUFZ 1, C4<z>; HiZ drive
v0x5572089d6e50_0 .net "sda_en", 0 0, o0x78dbc5dcf318;  0 drivers
E_0x557208980f10 .event negedge, v0x5572089d6a50_0;
E_0x5572089bee00 .event posedge, v0x5572089d6cd0_0;
S_0x5572089abb10 .scope function.vec4.s8, "reverse_bits8" "reverse_bits8" 2 47, 2 47 0, S_0x5572089804f0;
 .timescale 0 0;
v0x5572089abcf0_0 .var/i "i", 31 0;
v0x5572089d6100_0 .var "in", 7 0;
; Variable reverse_bits8 is vec4 return value of scope S_0x5572089abb10
TD_listen.reverse_bits8 ;
    %pushi/vec4 0, 0, 32;
    %store/vec4 v0x5572089abcf0_0, 0, 32;
T_0.0 ;
    %load/vec4 v0x5572089abcf0_0;
    %cmpi/s 8, 0, 32;
    %jmp/0xz T_0.1, 5;
    %load/vec4 v0x5572089d6100_0;
    %pushi/vec4 7, 0, 32;
    %load/vec4 v0x5572089abcf0_0;
    %sub;
    %part/s 1;
    %ix/getv/s 4, v0x5572089abcf0_0;
    %ret/vec4 0, 4, 1; Assign to reverse_bits8 (store_vec4_to_lval)
    %load/vec4 v0x5572089abcf0_0;
    %addi 1, 0, 32;
    %store/vec4 v0x5572089abcf0_0, 0, 32;
    %jmp T_0.0;
T_0.1 ;
    %end;
    .scope S_0x5572089804f0;
T_1 ;
    %pushi/vec4 0, 0, 7;
    %assign/vec4 v0x5572089d6b10_0, 0;
    %pushi/vec4 0, 0, 59;
    %assign/vec4 v0x5572089d6bf0_0, 0;
    %pushi/vec4 0, 0, 8;
    %assign/vec4 v0x5572089d6890_0, 0;
    %pushi/vec4 0, 0, 8;
    %assign/vec4 v0x5572089d6680_0, 0;
    %pushi/vec4 0, 0, 8;
    %assign/vec4 v0x5572089d65a0_0, 0;
    %pushi/vec4 0, 0, 8;
    %assign/vec4 v0x5572089d64b0_0, 0;
    %pushi/vec4 0, 0, 8;
    %assign/vec4 v0x5572089d63d0_0, 0;
    %pushi/vec4 0, 0, 8;
    %assign/vec4 v0x5572089d67b0_0, 0;
    %pushi/vec4 0, 0, 8;
    %assign/vec4 v0x5572089d6970_0, 0;
    %pushi/vec4 0, 0, 3;
    %assign/vec4 v0x5572089d62d0_0, 0;
    %end;
    .thread T_1;
    .scope S_0x5572089804f0;
T_2 ;
    %wait E_0x5572089bee00;
    %load/vec4 v0x5572089d6e50_0;
    %pad/u 32;
    %pushi/vec4 0, 0, 32;
    %cmp/e;
    %flag_get/vec4 4;
    %load/vec4 v0x5572089d6b10_0;
    %pad/u 32;
    %pushi/vec4 59, 0, 32;
    %cmp/ne;
    %flag_get/vec4 4;
    %and;
    %flag_set/vec4 8;
    %jmp/0xz  T_2.0, 8;
    %load/vec4 v0x5572089d6d90_0;
    %ix/load 5, 0, 0;
    %ix/getv 4, v0x5572089d6b10_0;
    %assign/vec4/off/d v0x5572089d6bf0_0, 4, 5;
    %load/vec4 v0x5572089d6b10_0;
    %addi 1, 0, 7;
    %assign/vec4 v0x5572089d6b10_0, 0;
    %jmp T_2.1;
T_2.0 ;
    %load/vec4 v0x5572089d6b10_0;
    %pad/u 32;
    %cmpi/e 59, 0, 32;
    %jmp/0xz  T_2.2, 4;
    %pushi/vec4 0, 0, 7;
    %assign/vec4 v0x5572089d6b10_0, 0;
T_2.2 ;
T_2.1 ;
    %jmp T_2;
    .thread T_2;
    .scope S_0x5572089804f0;
T_3 ;
    %wait E_0x557208980f10;
    %load/vec4 v0x5572089d6bf0_0;
    %parti/s 3, 0, 2;
    %assign/vec4 v0x5572089d62d0_0, 0;
    %load/vec4 v0x5572089d6bf0_0;
    %parti/s 8, 3, 3;
    %store/vec4 v0x5572089d6100_0, 0, 8;
    %callf/vec4 TD_listen.reverse_bits8, S_0x5572089abb10;
    %assign/vec4 v0x5572089d6890_0, 0;
    %load/vec4 v0x5572089d6bf0_0;
    %parti/s 8, 11, 5;
    %store/vec4 v0x5572089d6100_0, 0, 8;
    %callf/vec4 TD_listen.reverse_bits8, S_0x5572089abb10;
    %assign/vec4 v0x5572089d6680_0, 0;
    %load/vec4 v0x5572089d6bf0_0;
    %parti/s 8, 19, 6;
    %store/vec4 v0x5572089d6100_0, 0, 8;
    %callf/vec4 TD_listen.reverse_bits8, S_0x5572089abb10;
    %assign/vec4 v0x5572089d65a0_0, 0;
    %load/vec4 v0x5572089d6bf0_0;
    %parti/s 15, 20, 6;
    %store/vec4 v0x5572089d6100_0, 0, 8;
    %callf/vec4 TD_listen.reverse_bits8, S_0x5572089abb10;
    %assign/vec4 v0x5572089d64b0_0, 0;
    %load/vec4 v0x5572089d6bf0_0;
    %parti/s 8, 35, 7;
    %store/vec4 v0x5572089d6100_0, 0, 8;
    %callf/vec4 TD_listen.reverse_bits8, S_0x5572089abb10;
    %assign/vec4 v0x5572089d63d0_0, 0;
    %load/vec4 v0x5572089d6bf0_0;
    %parti/s 8, 43, 7;
    %store/vec4 v0x5572089d6100_0, 0, 8;
    %callf/vec4 TD_listen.reverse_bits8, S_0x5572089abb10;
    %assign/vec4 v0x5572089d67b0_0, 0;
    %load/vec4 v0x5572089d6bf0_0;
    %parti/s 8, 51, 7;
    %store/vec4 v0x5572089d6100_0, 0, 8;
    %callf/vec4 TD_listen.reverse_bits8, S_0x5572089abb10;
    %assign/vec4 v0x5572089d6970_0, 0;
    %jmp T_3;
    .thread T_3;
# The file index is used to find the file name in the following table.
:file_names 3;
    "N/A";
    "<interactive>";
    "RTC_Analisis/listen.v";
