#! /usr/bin/vvp
:ivl_version "12.0 (stable)";
:ivl_delay_selection "TYPICAL";
:vpi_time_precision - 12;
:vpi_module "/usr/lib/x86_64-linux-gnu/ivl/system.vpi";
:vpi_module "/usr/lib/x86_64-linux-gnu/ivl/vhdl_sys.vpi";
:vpi_module "/usr/lib/x86_64-linux-gnu/ivl/vhdl_textio.vpi";
:vpi_module "/usr/lib/x86_64-linux-gnu/ivl/v2005_math.vpi";
:vpi_module "/usr/lib/x86_64-linux-gnu/ivl/va_math.vpi";
S_0x56de7143cb80 .scope module, "BCD" "BCD" 2 1;
 .timescale -9 -12;
    .port_info 0 /INPUT 8 "Seconds";
    .port_info 1 /INPUT 8 "Minutes";
    .port_info 2 /INPUT 8 "Hours";
    .port_info 3 /INPUT 3 "Acknowledge";
    .port_info 4 /INPUT 1 "clk";
    .port_info 5 /OUTPUT 4 "bcd";
    .port_info 6 /OUTPUT 8 "c";
P_0x56de71421fa0 .param/l "Maxcount" 0 2 1, +C4<00000000000000000000000000011001>;
o0x7a6d98b72018 .functor BUFZ 3, C4<zzz>; HiZ drive
v0x56de7147c3b0_0 .net "Acknowledge", 2 0, o0x7a6d98b72018;  0 drivers
o0x7a6d98b72048 .functor BUFZ 8, C4<zzzzzzzz>; HiZ drive
v0x56de71487060_0 .net "Hours", 7 0, o0x7a6d98b72048;  0 drivers
o0x7a6d98b72078 .functor BUFZ 8, C4<zzzzzzzz>; HiZ drive
v0x56de71487be0_0 .net "Minutes", 7 0, o0x7a6d98b72078;  0 drivers
o0x7a6d98b720a8 .functor BUFZ 8, C4<zzzzzzzz>; HiZ drive
v0x56de71488f60_0 .net "Seconds", 7 0, o0x7a6d98b720a8;  0 drivers
v0x56de71463e80_0 .var "algo", 1 0;
v0x56de71462e50_0 .var "bcd", 3 0;
v0x56de714ac330_0 .var "c", 7 0;
o0x7a6d98b72168 .functor BUFZ 1, C4<z>; HiZ drive
v0x56de714ac410_0 .net "clk", 0 0, o0x7a6d98b72168;  0 drivers
v0x56de714ac4d0_0 .var "clk2", 0 0;
v0x56de714ac590_0 .var "count", 5 0;
E_0x56de714362c0 .event posedge, v0x56de714ac4d0_0;
E_0x56de71435af0 .event posedge, v0x56de714ac410_0;
S_0x56de7143cd60 .scope module, "BCDtoSSeg" "BCDtoSSeg" 3 1;
 .timescale -9 -12;
    .port_info 0 /INPUT 4 "bcd";
    .port_info 1 /INPUT 8 "c";
    .port_info 2 /OUTPUT 7 "SSeg";
    .port_info 3 /OUTPUT 8 "an";
o0x7a6d98b723d8 .functor BUFZ 8, C4<zzzzzzzz>; HiZ drive
L_0x56de71487a40 .functor BUFZ 8, o0x7a6d98b723d8, C4<00000000>, C4<00000000>, C4<00000000>;
v0x56de714ac790_0 .var "SSeg", 0 6;
v0x56de714ac890_0 .net "an", 7 0, L_0x56de71487a40;  1 drivers
o0x7a6d98b723a8 .functor BUFZ 4, C4<zzzz>; HiZ drive
v0x56de714ac970_0 .net "bcd", 3 0, o0x7a6d98b723a8;  0 drivers
v0x56de714aca30_0 .net "c", 7 0, o0x7a6d98b723d8;  0 drivers
E_0x56de714364e0 .event anyedge, v0x56de714ac970_0;
S_0x56de71458300 .scope module, "tb_top" "tb_top" 4 11;
 .timescale -9 -12;
v0x56de714b5250_0 .var "clk", 0 0;
v0x56de714b5310_0 .net "scl", 0 0, v0x56de714b3da0_0;  1 drivers
v0x56de714b53d0_0 .net "sda", 0 0, L_0x56de714b54a0;  1 drivers
S_0x56de714acb90 .scope module, "top" "top" 4 20, 5 2 0, S_0x56de71458300;
 .timescale -9 -12;
    .port_info 0 /INPUT 1 "clk";
    .port_info 1 /INOUT 1 "sda";
    .port_info 2 /OUTPUT 1 "scl";
    .port_info 3 /OUTPUT 8 "data";
    .port_info 4 /OUTPUT 1 "rs";
    .port_info 5 /OUTPUT 1 "rw";
    .port_info 6 /OUTPUT 1 "enable";
    .port_info 7 /OUTPUT 7 "leds";
    .port_info 8 /OUTPUT 1 "buzzer";
v0x56de714b4350_0 .net "Acknowledge", 2 0, v0x56de714b22b0_0;  1 drivers
v0x56de714b4460_0 .net "Hours", 7 0, v0x56de714b2580_0;  1 drivers
v0x56de714b4500_0 .net "Minutes", 7 0, v0x56de714b2670_0;  1 drivers
v0x56de714b45a0_0 .net "Seconds", 7 0, v0x56de714b2890_0;  1 drivers
o0x7a6d98b73818 .functor BUFZ 1, C4<z>; HiZ drive
; Elide local net with no drivers, v0x56de714b4690_0 name=_ivl_0
v0x56de714b47a0_0 .net "beg", 0 0, v0x56de714ae2e0_0;  1 drivers
v0x56de714b4840_0 .net "buzzer", 0 0, v0x56de714ad9f0_0;  1 drivers
v0x56de714b48e0_0 .net "clk", 0 0, v0x56de714b5250_0;  1 drivers
v0x56de714b4a10_0 .net "data", 7 0, v0x56de714b0c60_0;  1 drivers
v0x56de714b4b70_0 .net "enable", 0 0, L_0x56de71463ce0;  1 drivers
v0x56de714b4c40_0 .net "leds", 6 0, v0x56de714ade10_0;  1 drivers
v0x56de714b4d10_0 .net "rs", 0 0, v0x56de714b1550_0;  1 drivers
v0x56de714b4de0_0 .net "rw", 0 0, v0x56de714b1610_0;  1 drivers
v0x56de714b4eb0_0 .net "scl", 0 0, v0x56de714b3da0_0;  alias, 1 drivers
v0x56de714b4f50_0 .net "sda", 0 0, L_0x56de714b54a0;  alias, 1 drivers
v0x56de714b4ff0_0 .net "sda_en", 0 0, v0x56de714b3e90_0;  1 drivers
v0x56de714b50e0_0 .net "sda_out", 0 0, v0x56de714b4030_0;  1 drivers
L_0x56de714b54a0 .functor MUXZ 1, o0x7a6d98b73818, v0x56de714b4030_0, v0x56de714b3e90_0, C4<>;
S_0x56de714ace70 .scope module, "alarm_led" "alarm_led" 5 61, 6 2 0, S_0x56de714acb90;
 .timescale -9 -12;
    .port_info 0 /INPUT 1 "clk";
    .port_info 1 /INPUT 8 "Minutes";
    .port_info 2 /OUTPUT 1 "buzzer";
    .port_info 3 /OUTPUT 7 "leds";
v0x56de714ad0b0_0 .net "Minutes", 7 0, v0x56de714b2670_0;  alias, 1 drivers
v0x56de714ad1b0_0 .net "Minutes_C", 7 0, L_0x56de714b6a60;  1 drivers
v0x56de714ad290_0 .net *"_ivl_1", 3 0, L_0x56de714b64c0;  1 drivers
v0x56de714ad380_0 .net *"_ivl_11", 3 0, L_0x56de714b6850;  1 drivers
v0x56de714ad460_0 .net *"_ivl_12", 7 0, L_0x56de714b6920;  1 drivers
L_0x7a6d98b292e8 .functor BUFT 1, C4<0000>, C4<0>, C4<0>, C4<0>;
v0x56de714ad590_0 .net *"_ivl_15", 3 0, L_0x7a6d98b292e8;  1 drivers
v0x56de714ad670_0 .net *"_ivl_2", 7 0, L_0x56de714b6560;  1 drivers
L_0x7a6d98b29258 .functor BUFT 1, C4<0000>, C4<0>, C4<0>, C4<0>;
v0x56de714ad750_0 .net *"_ivl_5", 3 0, L_0x7a6d98b29258;  1 drivers
L_0x7a6d98b292a0 .functor BUFT 1, C4<00001010>, C4<0>, C4<0>, C4<0>;
v0x56de714ad830_0 .net/2u *"_ivl_6", 7 0, L_0x7a6d98b292a0;  1 drivers
v0x56de714ad910_0 .net *"_ivl_9", 7 0, L_0x56de714b6730;  1 drivers
v0x56de714ad9f0_0 .var "buzzer", 0 0;
v0x56de714adab0_0 .net "clk", 0 0, v0x56de714b5250_0;  alias, 1 drivers
v0x56de714adb70_0 .var "intervalo", 5 0;
v0x56de714adc50_0 .var "last_min_bin", 7 0;
v0x56de714add30_0 .var "led_index", 2 0;
v0x56de714ade10_0 .var "leds", 6 0;
E_0x56de713dc210 .event posedge, v0x56de714adab0_0;
L_0x56de714b64c0 .part v0x56de714b2670_0, 4, 4;
L_0x56de714b6560 .concat [ 4 4 0 0], L_0x56de714b64c0, L_0x7a6d98b29258;
L_0x56de714b6730 .arith/mult 8, L_0x56de714b6560, L_0x7a6d98b292a0;
L_0x56de714b6850 .part v0x56de714b2670_0, 0, 4;
L_0x56de714b6920 .concat [ 4 4 0 0], L_0x56de714b6850, L_0x7a6d98b292e8;
L_0x56de714b6a60 .arith/sum 8, L_0x56de714b6730, L_0x56de714b6920;
S_0x56de714adf70 .scope module, "beg_com" "beg_com" 5 26, 7 1 0, S_0x56de714acb90;
 .timescale -9 -12;
    .port_info 0 /INPUT 1 "clk";
    .port_info 1 /OUTPUT 1 "beg";
P_0x56de714ae120 .param/l "freq" 0 7 3, +C4<00000010111110101111000010000000>;
P_0x56de714ae160 .param/real "tiempo" 0 7 4, Cr<m624dd2f1a9fbe800gfb8>; value=0.00150000
v0x56de714ae2e0_0 .var "beg", 0 0;
v0x56de714ae3c0_0 .net "clk", 0 0, v0x56de714b5250_0;  alias, 1 drivers
v0x56de714ae4b0_0 .var "count", 26 0;
S_0x56de714ae5c0 .scope module, "lcd_display" "lcddin_mod" 5 51, 8 1 0, S_0x56de714acb90;
 .timescale -9 -12;
    .port_info 0 /INPUT 1 "clk";
    .port_info 1 /INPUT 8 "Hours";
    .port_info 2 /INPUT 8 "Minutes";
    .port_info 3 /INPUT 8 "din_data";
    .port_info 4 /OUTPUT 1 "rs";
    .port_info 5 /OUTPUT 1 "rw";
    .port_info 6 /OUTPUT 1 "enable";
    .port_info 7 /OUTPUT 8 "data";
P_0x56de714ae7d0 .param/l "CLEAR_DISPLAY" 1 8 60, C4<00000001>;
P_0x56de714ae810 .param/l "CONFIG_CMD1" 1 8 23, C4<010>;
P_0x56de714ae850 .param/l "CONFIG_CMD2" 1 8 25, C4<100>;
P_0x56de714ae890 .param/l "COUNT_MAX" 0 8 6, +C4<00000000000000000000000000011001>;
P_0x56de714ae8d0 .param/l "DATA_BITS" 0 8 5, +C4<00000000000000000000000000001000>;
P_0x56de714ae910 .param/l "DISPON_CURSOROFF" 1 8 62, C4<00001100>;
P_0x56de714ae950 .param/l "IDLE" 1 8 21, C4<000>;
P_0x56de714ae990 .param/l "LINES2_MATRIX5x8_MODE8bit" 1 8 63, C4<00111000>;
P_0x56de714ae9d0 .param/l "NUM_COMMANDS" 0 8 2, +C4<00000000000000000000000000000100>;
P_0x56de714aea10 .param/l "NUM_DATA_ALL" 0 8 3, +C4<00000000000000000000000000100000>;
P_0x56de714aea50 .param/l "NUM_DATA_PERLINE" 0 8 4, +C4<00000000000000000000000000010000>;
P_0x56de714aea90 .param/l "SHIFT_CURSOR_RIGHT" 1 8 61, C4<00000110>;
P_0x56de714aead0 .param/l "START_2LINE" 1 8 64, C4<11000000>;
P_0x56de714aeb10 .param/l "STORE_DATA" 1 8 22, C4<001>;
P_0x56de714aeb50 .param/l "WR_STATIC_TEXT_1L" 1 8 24, C4<011>;
P_0x56de714aeb90 .param/l "WR_STATIC_TEXT_2L" 1 8 26, C4<101>;
L_0x56de71463ce0 .functor NOT 1, v0x56de714b0920_0, C4<0>, C4<0>, C4<0>;
v0x56de714af530_0 .net "Hours", 7 0, v0x56de714b2580_0;  alias, 1 drivers
v0x56de714af630_0 .net "Hours_dec", 7 0, L_0x56de714b5730;  1 drivers
v0x56de714af710_0 .net "Hours_uni", 7 0, L_0x56de714b5b20;  1 drivers
v0x56de714af7d0_0 .net "Min_dec", 7 0, L_0x56de714b5f90;  1 drivers
v0x56de714af8b0_0 .net "Min_uni", 7 0, L_0x56de714b62c0;  1 drivers
v0x56de714af9e0_0 .net "Minutes", 7 0, v0x56de714b2670_0;  alias, 1 drivers
v0x56de714afaa0_0 .net *"_ivl_1", 3 0, L_0x56de714b5570;  1 drivers
v0x56de714afb60_0 .net *"_ivl_11", 3 0, L_0x56de714b58a0;  1 drivers
v0x56de714afc40_0 .net *"_ivl_12", 7 0, L_0x56de714b5a00;  1 drivers
L_0x7a6d98b290a8 .functor BUFT 1, C4<0000>, C4<0>, C4<0>, C4<0>;
v0x56de714afd20_0 .net *"_ivl_15", 3 0, L_0x7a6d98b290a8;  1 drivers
L_0x7a6d98b290f0 .functor BUFT 1, C4<00110000>, C4<0>, C4<0>, C4<0>;
v0x56de714afe00_0 .net/2u *"_ivl_16", 7 0, L_0x7a6d98b290f0;  1 drivers
v0x56de714afee0_0 .net *"_ivl_2", 7 0, L_0x56de714b5610;  1 drivers
v0x56de714affc0_0 .net *"_ivl_21", 3 0, L_0x56de714b5cd0;  1 drivers
v0x56de714b00a0_0 .net *"_ivl_22", 7 0, L_0x56de714b5e00;  1 drivers
L_0x7a6d98b29138 .functor BUFT 1, C4<0000>, C4<0>, C4<0>, C4<0>;
v0x56de714b0180_0 .net *"_ivl_25", 3 0, L_0x7a6d98b29138;  1 drivers
L_0x7a6d98b29180 .functor BUFT 1, C4<00110000>, C4<0>, C4<0>, C4<0>;
v0x56de714b0260_0 .net/2u *"_ivl_26", 7 0, L_0x7a6d98b29180;  1 drivers
v0x56de714b0340_0 .net *"_ivl_31", 3 0, L_0x56de714b60d0;  1 drivers
v0x56de714b0420_0 .net *"_ivl_32", 7 0, L_0x56de714b61d0;  1 drivers
L_0x7a6d98b291c8 .functor BUFT 1, C4<0000>, C4<0>, C4<0>, C4<0>;
v0x56de714b0500_0 .net *"_ivl_35", 3 0, L_0x7a6d98b291c8;  1 drivers
L_0x7a6d98b29210 .functor BUFT 1, C4<00110000>, C4<0>, C4<0>, C4<0>;
v0x56de714b05e0_0 .net/2u *"_ivl_36", 7 0, L_0x7a6d98b29210;  1 drivers
L_0x7a6d98b29018 .functor BUFT 1, C4<0000>, C4<0>, C4<0>, C4<0>;
v0x56de714b06c0_0 .net *"_ivl_5", 3 0, L_0x7a6d98b29018;  1 drivers
L_0x7a6d98b29060 .functor BUFT 1, C4<00110000>, C4<0>, C4<0>, C4<0>;
v0x56de714b07a0_0 .net/2u *"_ivl_6", 7 0, L_0x7a6d98b29060;  1 drivers
v0x56de714b0880_0 .net "clk", 0 0, v0x56de714b5250_0;  alias, 1 drivers
v0x56de714b0920_0 .var "clk_16ms", 0 0;
v0x56de714b09e0_0 .var "clk_counter", 4 0;
v0x56de714b0ac0_0 .var "command_counter", 2 0;
v0x56de714b0ba0 .array "config_mem", 3 0, 7 0;
v0x56de714b0c60_0 .var "data", 7 0;
v0x56de714b0d40_0 .var "data_counter", 4 0;
o0x7a6d98b72e28 .functor BUFZ 8, C4<zzzzzzzz>; HiZ drive
v0x56de714b0e20_0 .net "din_data", 7 0, o0x7a6d98b72e28;  0 drivers
v0x56de714b0f00_0 .net "enable", 0 0, L_0x56de71463ce0;  alias, 1 drivers
v0x56de714b0fc0_0 .var "fsm_state", 2 0;
v0x56de714b10a0_0 .var "input_counter", 5 0;
v0x56de714b1390_0 .var "last_sw_data", 7 0;
v0x56de714b1470_0 .var "next_state", 2 0;
v0x56de714b1550_0 .var "rs", 0 0;
v0x56de714b1610_0 .var "rw", 0 0;
v0x56de714b16d0 .array "static_data_mem", 31 0, 7 0;
v0x56de714b1790 .array "text", 31 0, 7 0;
E_0x56de714af460 .event posedge, v0x56de714b0920_0;
E_0x56de714af4c0 .event anyedge, v0x56de714b0fc0_0, v0x56de714b10a0_0, v0x56de714b0ac0_0, v0x56de714b0d40_0;
L_0x56de714b5570 .part v0x56de714b2580_0, 4, 4;
L_0x56de714b5610 .concat [ 4 4 0 0], L_0x56de714b5570, L_0x7a6d98b29018;
L_0x56de714b5730 .arith/sum 8, L_0x56de714b5610, L_0x7a6d98b29060;
L_0x56de714b58a0 .part v0x56de714b2580_0, 0, 4;
L_0x56de714b5a00 .concat [ 4 4 0 0], L_0x56de714b58a0, L_0x7a6d98b290a8;
L_0x56de714b5b20 .arith/sum 8, L_0x56de714b5a00, L_0x7a6d98b290f0;
L_0x56de714b5cd0 .part v0x56de714b2670_0, 4, 4;
L_0x56de714b5e00 .concat [ 4 4 0 0], L_0x56de714b5cd0, L_0x7a6d98b29138;
L_0x56de714b5f90 .arith/sum 8, L_0x56de714b5e00, L_0x7a6d98b29180;
L_0x56de714b60d0 .part v0x56de714b2670_0, 0, 4;
L_0x56de714b61d0 .concat [ 4 4 0 0], L_0x56de714b60d0, L_0x7a6d98b291c8;
L_0x56de714b62c0 .arith/sum 8, L_0x56de714b61d0, L_0x7a6d98b29210;
S_0x56de714b19a0 .scope module, "listen" "listen" 5 40, 9 1 0, S_0x56de714acb90;
 .timescale -9 -12;
    .port_info 0 /INPUT 1 "scl";
    .port_info 1 /INPUT 1 "sda";
    .port_info 2 /INPUT 1 "sda_en";
    .port_info 3 /INPUT 1 "beg";
    .port_info 4 /OUTPUT 8 "Seconds";
    .port_info 5 /OUTPUT 8 "Minutes";
    .port_info 6 /OUTPUT 8 "Hours";
    .port_info 7 /OUTPUT 8 "Day";
    .port_info 8 /OUTPUT 8 "Date";
    .port_info 9 /OUTPUT 8 "Month";
    .port_info 10 /OUTPUT 8 "Year";
    .port_info 11 /OUTPUT 3 "Acknowledge";
P_0x56de714b1b30 .param/l "Ndata" 0 9 2, +C4<00000000000000000000000000111011>;
v0x56de714b22b0_0 .var "Acknowledge", 2 0;
v0x56de714b23b0_0 .var "Date", 7 0;
v0x56de714b2490_0 .var "Day", 7 0;
v0x56de714b2580_0 .var "Hours", 7 0;
v0x56de714b2670_0 .var "Minutes", 0 7;
v0x56de714b27b0_0 .var "Month", 7 0;
v0x56de714b2890_0 .var "Seconds", 0 7;
v0x56de714b2970_0 .var "Year", 7 0;
v0x56de714b2a50_0 .net "beg", 0 0, v0x56de714ae2e0_0;  alias, 1 drivers
v0x56de714b2af0_0 .var "count", 6 0;
v0x56de714b2bb0_0 .var "data", 58 0;
v0x56de714b2c90_0 .net "scl", 0 0, v0x56de714b3da0_0;  alias, 1 drivers
v0x56de714b2d50_0 .net "sda", 0 0, L_0x56de714b54a0;  alias, 1 drivers
v0x56de714b2e10_0 .net "sda_en", 0 0, v0x56de714b3e90_0;  alias, 1 drivers
E_0x56de714b1d00 .event negedge, v0x56de714ae2e0_0;
E_0x56de714b1d80 .event posedge, v0x56de714b2c90_0;
S_0x56de714b1de0 .scope function.vec4.s8, "reverse_bits8" "reverse_bits8" 9 47, 9 47 0, S_0x56de714b19a0;
 .timescale -9 -12;
v0x56de714b1fe0_0 .var/i "i", 31 0;
v0x56de714b20e0_0 .var "in", 7 0;
; Variable reverse_bits8 is vec4 return value of scope S_0x56de714b1de0
TD_tb_top.top.listen.reverse_bits8 ;
    %pushi/vec4 0, 0, 32;
    %store/vec4 v0x56de714b1fe0_0, 0, 32;
T_0.0 ;
    %load/vec4 v0x56de714b1fe0_0;
    %cmpi/s 8, 0, 32;
    %jmp/0xz T_0.1, 5;
    %load/vec4 v0x56de714b20e0_0;
    %pushi/vec4 7, 0, 32;
    %load/vec4 v0x56de714b1fe0_0;
    %sub;
    %part/s 1;
    %ix/getv/s 4, v0x56de714b1fe0_0;
    %ret/vec4 0, 4, 1; Assign to reverse_bits8 (store_vec4_to_lval)
    %load/vec4 v0x56de714b1fe0_0;
    %addi 1, 0, 32;
    %store/vec4 v0x56de714b1fe0_0, 0, 32;
    %jmp T_0.0;
T_0.1 ;
    %end;
S_0x56de714b3050 .scope module, "master" "master" 5 31, 10 1 0, S_0x56de714acb90;
 .timescale -9 -12;
    .port_info 0 /OUTPUT 1 "scl";
    .port_info 1 /OUTPUT 1 "sda_out";
    .port_info 2 /OUTPUT 1 "sda_en";
    .port_info 3 /INPUT 1 "sda_in";
    .port_info 4 /INPUT 1 "clk";
    .port_info 5 /INPUT 1 "beg";
P_0x56de714b3230 .param/l "Default" 0 10 10, C4<000>;
P_0x56de714b3270 .param/l "Delay" 0 10 21, +C4<00000000000000000000000000000101>;
P_0x56de714b32b0 .param/l "Listen" 0 10 11, C4<110>;
P_0x56de714b32f0 .param/l "Ns" 0 10 20, +C4<00000000000000000000000011111010>;
P_0x56de714b3330 .param/l "Restart" 0 10 11, C4<101>;
P_0x56de714b3370 .param/l "Send_Add" 0 10 10, C4<010>;
P_0x56de714b33b0 .param/l "Send_Reg" 0 10 11, C4<100>;
P_0x56de714b33f0 .param/l "Start" 0 10 10, C4<001>;
P_0x56de714b3430 .param/l "Stretch" 0 10 11, C4<011>;
P_0x56de714b3470 .param/l "Wait" 0 10 12, C4<111>;
v0x56de714b3a70_0 .net "beg", 0 0, v0x56de714ae2e0_0;  alias, 1 drivers
v0x56de714b3b60_0 .net "clk", 0 0, v0x56de714b5250_0;  alias, 1 drivers
v0x56de714b3c20_0 .var "counter", 13 0;
v0x56de714b3cc0_0 .var "listen_count", 3 0;
v0x56de714b3da0_0 .var "scl", 0 0;
v0x56de714b3e90_0 .var "sda_en", 0 0;
v0x56de714b3f60_0 .net "sda_in", 0 0, L_0x56de714b54a0;  alias, 1 drivers
v0x56de714b4030_0 .var "sda_out", 0 0;
v0x56de714b40d0_0 .var "st_prev", 2 0;
v0x56de714b4170_0 .var "state", 2 0;
    .scope S_0x56de7143cb80;
T_1 ;
    %pushi/vec4 0, 0, 2;
    %assign/vec4 v0x56de71463e80_0, 0;
    %pushi/vec4 0, 0, 8;
    %assign/vec4 v0x56de714ac330_0, 0;
    %pushi/vec4 0, 0, 4;
    %assign/vec4 v0x56de71462e50_0, 0;
    %pushi/vec4 0, 0, 6;
    %assign/vec4 v0x56de714ac590_0, 0;
    %end;
    .thread T_1;
    .scope S_0x56de7143cb80;
T_2 ;
    %pushi/vec4 0, 0, 1;
    %store/vec4 v0x56de714ac4d0_0, 0, 1;
    %end;
    .thread T_2;
    .scope S_0x56de7143cb80;
T_3 ;
    %wait E_0x56de71435af0;
    %load/vec4 v0x56de714ac590_0;
    %pad/u 32;
    %cmpi/e 25, 0, 32;
    %jmp/0xz  T_3.0, 4;
    %pushi/vec4 0, 0, 6;
    %assign/vec4 v0x56de714ac590_0, 0;
    %load/vec4 v0x56de714ac4d0_0;
    %inv;
    %assign/vec4 v0x56de714ac4d0_0, 0;
    %jmp T_3.1;
T_3.0 ;
    %load/vec4 v0x56de714ac590_0;
    %addi 1, 0, 6;
    %assign/vec4 v0x56de714ac590_0, 0;
T_3.1 ;
    %jmp T_3;
    .thread T_3;
    .scope S_0x56de7143cb80;
T_4 ;
    %wait E_0x56de714362c0;
    %load/vec4 v0x56de71463e80_0;
    %pad/u 3;
    %dup/vec4;
    %pushi/vec4 0, 0, 3;
    %cmp/u;
    %jmp/1 T_4.0, 6;
    %dup/vec4;
    %pushi/vec4 1, 0, 3;
    %cmp/u;
    %jmp/1 T_4.1, 6;
    %dup/vec4;
    %pushi/vec4 2, 0, 3;
    %cmp/u;
    %jmp/1 T_4.2, 6;
    %dup/vec4;
    %pushi/vec4 3, 0, 3;
    %cmp/u;
    %jmp/1 T_4.3, 6;
    %dup/vec4;
    %pushi/vec4 4, 0, 3;
    %cmp/u;
    %jmp/1 T_4.4, 6;
    %dup/vec4;
    %pushi/vec4 5, 0, 3;
    %cmp/u;
    %jmp/1 T_4.5, 6;
    %jmp T_4.6;
T_4.0 ;
    %load/vec4 v0x56de71488f60_0;
    %parti/s 4, 0, 2;
    %assign/vec4 v0x56de71462e50_0, 0;
    %pushi/vec4 1, 0, 2;
    %assign/vec4 v0x56de71463e80_0, 0;
    %pushi/vec4 254, 0, 8;
    %assign/vec4 v0x56de714ac330_0, 0;
    %jmp T_4.6;
T_4.1 ;
    %load/vec4 v0x56de71488f60_0;
    %parti/s 4, 4, 4;
    %assign/vec4 v0x56de71462e50_0, 0;
    %pushi/vec4 2, 0, 2;
    %assign/vec4 v0x56de71463e80_0, 0;
    %pushi/vec4 253, 0, 8;
    %assign/vec4 v0x56de714ac330_0, 0;
    %jmp T_4.6;
T_4.2 ;
    %load/vec4 v0x56de71487be0_0;
    %parti/s 4, 0, 2;
    %assign/vec4 v0x56de71462e50_0, 0;
    %pushi/vec4 3, 0, 2;
    %assign/vec4 v0x56de71463e80_0, 0;
    %pushi/vec4 251, 0, 8;
    %assign/vec4 v0x56de714ac330_0, 0;
    %jmp T_4.6;
T_4.3 ;
    %load/vec4 v0x56de71487be0_0;
    %parti/s 4, 4, 4;
    %assign/vec4 v0x56de71462e50_0, 0;
    %pushi/vec4 0, 0, 2;
    %assign/vec4 v0x56de71463e80_0, 0;
    %pushi/vec4 247, 0, 8;
    %assign/vec4 v0x56de714ac330_0, 0;
    %jmp T_4.6;
T_4.4 ;
    %load/vec4 v0x56de71487060_0;
    %parti/s 4, 0, 2;
    %assign/vec4 v0x56de71462e50_0, 0;
    %pushi/vec4 1, 0, 2;
    %assign/vec4 v0x56de71463e80_0, 0;
    %pushi/vec4 239, 0, 8;
    %assign/vec4 v0x56de714ac330_0, 0;
    %jmp T_4.6;
T_4.5 ;
    %load/vec4 v0x56de71487060_0;
    %parti/s 4, 4, 4;
    %assign/vec4 v0x56de71462e50_0, 0;
    %pushi/vec4 0, 0, 2;
    %assign/vec4 v0x56de71463e80_0, 0;
    %pushi/vec4 223, 0, 8;
    %assign/vec4 v0x56de714ac330_0, 0;
    %jmp T_4.6;
T_4.6 ;
    %pop/vec4 1;
    %jmp T_4;
    .thread T_4;
    .scope S_0x56de7143cd60;
T_5 ;
    %wait E_0x56de714364e0;
    %load/vec4 v0x56de714ac970_0;
    %dup/vec4;
    %pushi/vec4 0, 0, 4;
    %cmp/u;
    %jmp/1 T_5.0, 6;
    %dup/vec4;
    %pushi/vec4 1, 0, 4;
    %cmp/u;
    %jmp/1 T_5.1, 6;
    %dup/vec4;
    %pushi/vec4 2, 0, 4;
    %cmp/u;
    %jmp/1 T_5.2, 6;
    %dup/vec4;
    %pushi/vec4 3, 0, 4;
    %cmp/u;
    %jmp/1 T_5.3, 6;
    %dup/vec4;
    %pushi/vec4 4, 0, 4;
    %cmp/u;
    %jmp/1 T_5.4, 6;
    %dup/vec4;
    %pushi/vec4 5, 0, 4;
    %cmp/u;
    %jmp/1 T_5.5, 6;
    %dup/vec4;
    %pushi/vec4 6, 0, 4;
    %cmp/u;
    %jmp/1 T_5.6, 6;
    %dup/vec4;
    %pushi/vec4 7, 0, 4;
    %cmp/u;
    %jmp/1 T_5.7, 6;
    %dup/vec4;
    %pushi/vec4 8, 0, 4;
    %cmp/u;
    %jmp/1 T_5.8, 6;
    %dup/vec4;
    %pushi/vec4 9, 0, 4;
    %cmp/u;
    %jmp/1 T_5.9, 6;
    %dup/vec4;
    %pushi/vec4 12, 0, 4;
    %cmp/u;
    %jmp/1 T_5.10, 6;
    %dup/vec4;
    %pushi/vec4 10, 0, 4;
    %cmp/u;
    %jmp/1 T_5.11, 6;
    %dup/vec4;
    %pushi/vec4 11, 0, 4;
    %cmp/u;
    %jmp/1 T_5.12, 6;
    %dup/vec4;
    %pushi/vec4 12, 0, 4;
    %cmp/u;
    %jmp/1 T_5.13, 6;
    %dup/vec4;
    %pushi/vec4 13, 0, 4;
    %cmp/u;
    %jmp/1 T_5.14, 6;
    %dup/vec4;
    %pushi/vec4 14, 0, 4;
    %cmp/u;
    %jmp/1 T_5.15, 6;
    %dup/vec4;
    %pushi/vec4 15, 0, 4;
    %cmp/u;
    %jmp/1 T_5.16, 6;
    %pushi/vec4 0, 0, 7;
    %store/vec4 v0x56de714ac790_0, 0, 7;
    %jmp T_5.18;
T_5.0 ;
    %pushi/vec4 1, 0, 7;
    %store/vec4 v0x56de714ac790_0, 0, 7;
    %jmp T_5.18;
T_5.1 ;
    %pushi/vec4 79, 0, 7;
    %store/vec4 v0x56de714ac790_0, 0, 7;
    %jmp T_5.18;
T_5.2 ;
    %pushi/vec4 18, 0, 7;
    %store/vec4 v0x56de714ac790_0, 0, 7;
    %jmp T_5.18;
T_5.3 ;
    %pushi/vec4 6, 0, 7;
    %store/vec4 v0x56de714ac790_0, 0, 7;
    %jmp T_5.18;
T_5.4 ;
    %pushi/vec4 76, 0, 7;
    %store/vec4 v0x56de714ac790_0, 0, 7;
    %jmp T_5.18;
T_5.5 ;
    %pushi/vec4 36, 0, 7;
    %store/vec4 v0x56de714ac790_0, 0, 7;
    %jmp T_5.18;
T_5.6 ;
    %pushi/vec4 32, 0, 7;
    %store/vec4 v0x56de714ac790_0, 0, 7;
    %jmp T_5.18;
T_5.7 ;
    %pushi/vec4 15, 0, 7;
    %store/vec4 v0x56de714ac790_0, 0, 7;
    %jmp T_5.18;
T_5.8 ;
    %pushi/vec4 0, 0, 7;
    %store/vec4 v0x56de714ac790_0, 0, 7;
    %jmp T_5.18;
T_5.9 ;
    %pushi/vec4 4, 0, 7;
    %store/vec4 v0x56de714ac790_0, 0, 7;
    %jmp T_5.18;
T_5.10 ;
    %pushi/vec4 126, 0, 7;
    %store/vec4 v0x56de714ac790_0, 0, 7;
    %jmp T_5.18;
T_5.11 ;
    %pushi/vec4 8, 0, 7;
    %store/vec4 v0x56de714ac790_0, 0, 7;
    %jmp T_5.18;
T_5.12 ;
    %pushi/vec4 96, 0, 7;
    %store/vec4 v0x56de714ac790_0, 0, 7;
    %jmp T_5.18;
T_5.13 ;
    %pushi/vec4 49, 0, 7;
    %store/vec4 v0x56de714ac790_0, 0, 7;
    %jmp T_5.18;
T_5.14 ;
    %pushi/vec4 66, 0, 7;
    %store/vec4 v0x56de714ac790_0, 0, 7;
    %jmp T_5.18;
T_5.15 ;
    %pushi/vec4 48, 0, 7;
    %store/vec4 v0x56de714ac790_0, 0, 7;
    %jmp T_5.18;
T_5.16 ;
    %pushi/vec4 56, 0, 7;
    %store/vec4 v0x56de714ac790_0, 0, 7;
    %jmp T_5.18;
T_5.18 ;
    %pop/vec4 1;
    %jmp T_5;
    .thread T_5, $push;
    .scope S_0x56de714adf70;
T_6 ;
    %pushi/vec4 0, 0, 27;
    %assign/vec4 v0x56de714ae4b0_0, 0;
    %pushi/vec4 0, 0, 1;
    %assign/vec4 v0x56de714ae2e0_0, 0;
    %end;
    .thread T_6;
    .scope S_0x56de714adf70;
T_7 ;
    %wait E_0x56de713dc210;
    %load/vec4 v0x56de714ae4b0_0;
    %cvt/rv;
    %pushi/real 1228800000, 4082; load=75000.0
    %cmp/wr;
    %flag_get/vec4 4;
    %flag_set/vec4 8;
    %jmp/0xz  T_7.0, 8;
    %load/vec4 v0x56de714ae2e0_0;
    %inv;
    %store/vec4 v0x56de714ae2e0_0, 0, 1;
    %pushi/vec4 0, 0, 27;
    %store/vec4 v0x56de714ae4b0_0, 0, 27;
    %jmp T_7.1;
T_7.0 ;
    %load/vec4 v0x56de714ae4b0_0;
    %addi 1, 0, 27;
    %store/vec4 v0x56de714ae4b0_0, 0, 27;
T_7.1 ;
    %jmp T_7;
    .thread T_7;
    .scope S_0x56de714b3050;
T_8 ;
    %pushi/vec4 0, 0, 3;
    %assign/vec4 v0x56de714b4170_0, 0;
    %pushi/vec4 0, 0, 3;
    %assign/vec4 v0x56de714b40d0_0, 0;
    %pushi/vec4 0, 0, 14;
    %assign/vec4 v0x56de714b3c20_0, 0;
    %pushi/vec4 1, 0, 1;
    %assign/vec4 v0x56de714b4030_0, 0;
    %pushi/vec4 1, 0, 1;
    %assign/vec4 v0x56de714b3e90_0, 0;
    %pushi/vec4 0, 0, 4;
    %assign/vec4 v0x56de714b3cc0_0, 0;
    %end;
    .thread T_8;
    .scope S_0x56de714b3050;
T_9 ;
    %wait E_0x56de713dc210;
    %load/vec4 v0x56de714b4170_0;
    %dup/vec4;
    %pushi/vec4 0, 0, 3;
    %cmp/u;
    %jmp/1 T_9.0, 6;
    %dup/vec4;
    %pushi/vec4 1, 0, 3;
    %cmp/u;
    %jmp/1 T_9.1, 6;
    %dup/vec4;
    %pushi/vec4 2, 0, 3;
    %cmp/u;
    %jmp/1 T_9.2, 6;
    %dup/vec4;
    %pushi/vec4 3, 0, 3;
    %cmp/u;
    %jmp/1 T_9.3, 6;
    %dup/vec4;
    %pushi/vec4 4, 0, 3;
    %cmp/u;
    %jmp/1 T_9.4, 6;
    %dup/vec4;
    %pushi/vec4 6, 0, 3;
    %cmp/u;
    %jmp/1 T_9.5, 6;
    %dup/vec4;
    %pushi/vec4 7, 0, 3;
    %cmp/u;
    %jmp/1 T_9.6, 6;
    %jmp T_9.7;
T_9.0 ;
    %load/vec4 v0x56de714b3a70_0;
    %flag_set/vec4 8;
    %jmp/0xz  T_9.8, 8;
    %pushi/vec4 1, 0, 3;
    %assign/vec4 v0x56de714b4170_0, 0;
    %pushi/vec4 0, 0, 3;
    %assign/vec4 v0x56de714b40d0_0, 0;
    %jmp T_9.9;
T_9.8 ;
    %pushi/vec4 0, 0, 3;
    %assign/vec4 v0x56de714b4170_0, 0;
    %pushi/vec4 0, 0, 3;
    %assign/vec4 v0x56de714b40d0_0, 0;
    %pushi/vec4 1, 0, 1;
    %assign/vec4 v0x56de714b3da0_0, 0;
    %pushi/vec4 1, 0, 1;
    %assign/vec4 v0x56de714b4030_0, 0;
    %pushi/vec4 0, 0, 14;
    %assign/vec4 v0x56de714b3c20_0, 0;
T_9.9 ;
    %jmp T_9.7;
T_9.1 ;
    %load/vec4 v0x56de714b40d0_0;
    %cmpi/e 0, 0, 3;
    %jmp/0xz  T_9.10, 4;
    %load/vec4 v0x56de714b3c20_0;
    %pad/u 32;
    %cmpi/e 250, 0, 32;
    %jmp/0xz  T_9.12, 4;
    %pushi/vec4 0, 0, 1;
    %assign/vec4 v0x56de714b4030_0, 0;
    %pushi/vec4 1, 0, 1;
    %assign/vec4 v0x56de714b3da0_0, 0;
    %load/vec4 v0x56de714b3c20_0;
    %addi 1, 0, 14;
    %assign/vec4 v0x56de714b3c20_0, 0;
    %jmp T_9.13;
T_9.12 ;
    %load/vec4 v0x56de714b3c20_0;
    %pad/u 32;
    %cmpi/e 500, 0, 32;
    %jmp/0xz  T_9.14, 4;
    %pushi/vec4 0, 0, 1;
    %assign/vec4 v0x56de714b4030_0, 0;
    %pushi/vec4 0, 0, 1;
    %assign/vec4 v0x56de714b3da0_0, 0;
    %load/vec4 v0x56de714b3c20_0;
    %addi 1, 0, 14;
    %assign/vec4 v0x56de714b3c20_0, 0;
    %jmp T_9.15;
T_9.14 ;
    %load/vec4 v0x56de714b3c20_0;
    %pad/u 32;
    %cmpi/e 750, 0, 32;
    %jmp/0xz  T_9.16, 4;
    %pushi/vec4 1, 0, 1;
    %assign/vec4 v0x56de714b4030_0, 0;
    %pushi/vec4 0, 0, 1;
    %assign/vec4 v0x56de714b3da0_0, 0;
    %pushi/vec4 0, 0, 14;
    %store/vec4 v0x56de714b3c20_0, 0, 14;
    %pushi/vec4 2, 0, 3;
    %assign/vec4 v0x56de714b4170_0, 0;
    %pushi/vec4 0, 0, 3;
    %assign/vec4 v0x56de714b40d0_0, 0;
    %jmp T_9.17;
T_9.16 ;
    %load/vec4 v0x56de714b3c20_0;
    %addi 1, 0, 14;
    %assign/vec4 v0x56de714b3c20_0, 0;
T_9.17 ;
T_9.15 ;
T_9.13 ;
    %jmp T_9.11;
T_9.10 ;
    %load/vec4 v0x56de714b40d0_0;
    %cmpi/e 4, 0, 3;
    %jmp/0xz  T_9.18, 4;
    %load/vec4 v0x56de714b3c20_0;
    %pad/u 32;
    %cmpi/e 250, 0, 32;
    %jmp/0xz  T_9.20, 4;
    %pushi/vec4 1, 0, 1;
    %assign/vec4 v0x56de714b4030_0, 0;
    %pushi/vec4 1, 0, 1;
    %assign/vec4 v0x56de714b3da0_0, 0;
    %load/vec4 v0x56de714b3c20_0;
    %addi 1, 0, 14;
    %assign/vec4 v0x56de714b3c20_0, 0;
    %jmp T_9.21;
T_9.20 ;
    %load/vec4 v0x56de714b3c20_0;
    %pad/u 32;
    %cmpi/e 500, 0, 32;
    %jmp/0xz  T_9.22, 4;
    %pushi/vec4 0, 0, 1;
    %assign/vec4 v0x56de714b4030_0, 0;
    %pushi/vec4 1, 0, 1;
    %assign/vec4 v0x56de714b3da0_0, 0;
    %load/vec4 v0x56de714b3c20_0;
    %addi 1, 0, 14;
    %assign/vec4 v0x56de714b3c20_0, 0;
    %jmp T_9.23;
T_9.22 ;
    %load/vec4 v0x56de714b3c20_0;
    %pad/u 32;
    %cmpi/e 750, 0, 32;
    %jmp/0xz  T_9.24, 4;
    %pushi/vec4 0, 0, 1;
    %assign/vec4 v0x56de714b4030_0, 0;
    %pushi/vec4 0, 0, 1;
    %assign/vec4 v0x56de714b3da0_0, 0;
    %load/vec4 v0x56de714b3c20_0;
    %addi 1, 0, 14;
    %assign/vec4 v0x56de714b3c20_0, 0;
    %jmp T_9.25;
T_9.24 ;
    %load/vec4 v0x56de714b3c20_0;
    %pad/u 32;
    %cmpi/e 755, 0, 32;
    %jmp/0xz  T_9.26, 4;
    %pushi/vec4 1, 0, 1;
    %assign/vec4 v0x56de714b4030_0, 0;
    %pushi/vec4 0, 0, 1;
    %assign/vec4 v0x56de714b3da0_0, 0;
    %pushi/vec4 0, 0, 14;
    %store/vec4 v0x56de714b3c20_0, 0, 14;
    %pushi/vec4 2, 0, 3;
    %assign/vec4 v0x56de714b4170_0, 0;
    %pushi/vec4 5, 0, 3;
    %assign/vec4 v0x56de714b40d0_0, 0;
    %jmp T_9.27;
T_9.26 ;
    %load/vec4 v0x56de714b3c20_0;
    %addi 1, 0, 14;
    %assign/vec4 v0x56de714b3c20_0, 0;
T_9.27 ;
T_9.25 ;
T_9.23 ;
T_9.21 ;
T_9.18 ;
T_9.11 ;
    %jmp T_9.7;
T_9.2 ;
    %load/vec4 v0x56de714b40d0_0;
    %cmpi/e 0, 0, 3;
    %jmp/0xz  T_9.28, 4;
    %load/vec4 v0x56de714b3c20_0;
    %pad/u 32;
    %pushi/vec4 250, 0, 32;
    %mod;
    %cmpi/e 0, 0, 32;
    %flag_get/vec4 4;
    %jmp/0 T_9.32, 4;
    %load/vec4 v0x56de714b3c20_0;
    %pad/u 32;
    %pushi/vec4 500, 0, 32;
    %mod;
    %pushi/vec4 0, 0, 32;
    %cmp/ne;
    %flag_get/vec4 4;
    %and;
T_9.32;
    %flag_set/vec4 8;
    %jmp/0xz  T_9.30, 8;
    %load/vec4 v0x56de714b3da0_0;
    %inv;
    %assign/vec4 v0x56de714b3da0_0, 0;
    %load/vec4 v0x56de714b3c20_0;
    %addi 1, 0, 14;
    %assign/vec4 v0x56de714b3c20_0, 0;
    %jmp T_9.31;
T_9.30 ;
    %load/vec4 v0x56de714b3c20_0;
    %pad/u 32;
    %pushi/vec4 500, 0, 32;
    %mod;
    %cmpi/e 0, 0, 32;
    %jmp/0xz  T_9.33, 4;
    %pushi/vec4 0, 0, 1;
    %assign/vec4 v0x56de714b3da0_0, 0;
    %load/vec4 v0x56de714b3c20_0;
    %addi 1, 0, 14;
    %assign/vec4 v0x56de714b3c20_0, 0;
    %jmp T_9.34;
T_9.33 ;
    %load/vec4 v0x56de714b3c20_0;
    %pad/u 32;
    %cmpi/e 505, 0, 32;
    %jmp/0xz  T_9.35, 4;
    %pushi/vec4 1, 0, 1;
    %assign/vec4 v0x56de714b4030_0, 0;
    %load/vec4 v0x56de714b3c20_0;
    %addi 1, 0, 14;
    %assign/vec4 v0x56de714b3c20_0, 0;
    %jmp T_9.36;
T_9.35 ;
    %load/vec4 v0x56de714b3c20_0;
    %pad/u 32;
    %cmpi/e 1005, 0, 32;
    %jmp/0xz  T_9.37, 4;
    %pushi/vec4 0, 0, 1;
    %assign/vec4 v0x56de714b4030_0, 0;
    %load/vec4 v0x56de714b3c20_0;
    %addi 1, 0, 14;
    %assign/vec4 v0x56de714b3c20_0, 0;
    %jmp T_9.38;
T_9.37 ;
    %load/vec4 v0x56de714b3c20_0;
    %pad/u 32;
    %cmpi/e 1505, 0, 32;
    %jmp/0xz  T_9.39, 4;
    %pushi/vec4 1, 0, 1;
    %assign/vec4 v0x56de714b4030_0, 0;
    %load/vec4 v0x56de714b3c20_0;
    %addi 1, 0, 14;
    %assign/vec4 v0x56de714b3c20_0, 0;
    %jmp T_9.40;
T_9.39 ;
    %load/vec4 v0x56de714b3c20_0;
    %pad/u 32;
    %cmpi/e 2005, 0, 32;
    %jmp/0xz  T_9.41, 4;
    %pushi/vec4 0, 0, 1;
    %assign/vec4 v0x56de714b4030_0, 0;
    %load/vec4 v0x56de714b3c20_0;
    %addi 1, 0, 14;
    %assign/vec4 v0x56de714b3c20_0, 0;
    %jmp T_9.42;
T_9.41 ;
    %load/vec4 v0x56de714b3c20_0;
    %pad/u 32;
    %cmpi/e 2505, 0, 32;
    %jmp/0xz  T_9.43, 4;
    %pushi/vec4 0, 0, 1;
    %assign/vec4 v0x56de714b4030_0, 0;
    %load/vec4 v0x56de714b3c20_0;
    %addi 1, 0, 14;
    %assign/vec4 v0x56de714b3c20_0, 0;
    %jmp T_9.44;
T_9.43 ;
    %load/vec4 v0x56de714b3c20_0;
    %pad/u 32;
    %cmpi/e 3005, 0, 32;
    %jmp/0xz  T_9.45, 4;
    %pushi/vec4 0, 0, 1;
    %assign/vec4 v0x56de714b4030_0, 0;
    %load/vec4 v0x56de714b3c20_0;
    %addi 1, 0, 14;
    %assign/vec4 v0x56de714b3c20_0, 0;
    %jmp T_9.46;
T_9.45 ;
    %load/vec4 v0x56de714b3c20_0;
    %pad/u 32;
    %cmpi/e 3505, 0, 32;
    %jmp/0xz  T_9.47, 4;
    %pushi/vec4 0, 0, 1;
    %assign/vec4 v0x56de714b4030_0, 0;
    %load/vec4 v0x56de714b3c20_0;
    %addi 1, 0, 14;
    %assign/vec4 v0x56de714b3c20_0, 0;
    %jmp T_9.48;
T_9.47 ;
    %load/vec4 v0x56de714b3c20_0;
    %pad/u 32;
    %cmpi/e 4005, 0, 32;
    %jmp/0xz  T_9.49, 4;
    %pushi/vec4 1, 0, 1;
    %assign/vec4 v0x56de714b4030_0, 0;
    %pushi/vec4 0, 0, 1;
    %assign/vec4 v0x56de714b3e90_0, 0;
    %load/vec4 v0x56de714b3c20_0;
    %addi 1, 0, 14;
    %assign/vec4 v0x56de714b3c20_0, 0;
    %jmp T_9.50;
T_9.49 ;
    %load/vec4 v0x56de714b3c20_0;
    %pad/u 32;
    %cmpi/e 4505, 0, 32;
    %jmp/0xz  T_9.51, 4;
    %pushi/vec4 1, 0, 1;
    %assign/vec4 v0x56de714b3e90_0, 0;
    %pushi/vec4 1, 0, 1;
    %assign/vec4 v0x56de714b4030_0, 0;
    %pushi/vec4 0, 0, 14;
    %assign/vec4 v0x56de714b3c20_0, 0;
    %pushi/vec4 3, 0, 3;
    %assign/vec4 v0x56de714b4170_0, 0;
    %pushi/vec4 2, 0, 3;
    %assign/vec4 v0x56de714b40d0_0, 0;
    %jmp T_9.52;
T_9.51 ;
    %load/vec4 v0x56de714b3c20_0;
    %addi 1, 0, 14;
    %assign/vec4 v0x56de714b3c20_0, 0;
T_9.52 ;
T_9.50 ;
T_9.48 ;
T_9.46 ;
T_9.44 ;
T_9.42 ;
T_9.40 ;
T_9.38 ;
T_9.36 ;
T_9.34 ;
T_9.31 ;
    %jmp T_9.29;
T_9.28 ;
    %load/vec4 v0x56de714b40d0_0;
    %cmpi/e 5, 0, 3;
    %jmp/0xz  T_9.53, 4;
    %load/vec4 v0x56de714b3c20_0;
    %pad/u 32;
    %pushi/vec4 250, 0, 32;
    %mod;
    %cmpi/e 0, 0, 32;
    %flag_get/vec4 4;
    %jmp/0 T_9.57, 4;
    %load/vec4 v0x56de714b3c20_0;
    %pad/u 32;
    %pushi/vec4 500, 0, 32;
    %mod;
    %pushi/vec4 0, 0, 32;
    %cmp/ne;
    %flag_get/vec4 4;
    %and;
T_9.57;
    %flag_set/vec4 8;
    %jmp/0xz  T_9.55, 8;
    %load/vec4 v0x56de714b3da0_0;
    %inv;
    %assign/vec4 v0x56de714b3da0_0, 0;
    %load/vec4 v0x56de714b3c20_0;
    %addi 1, 0, 14;
    %assign/vec4 v0x56de714b3c20_0, 0;
    %jmp T_9.56;
T_9.55 ;
    %load/vec4 v0x56de714b3c20_0;
    %pad/u 32;
    %pushi/vec4 500, 0, 32;
    %mod;
    %cmpi/e 0, 0, 32;
    %jmp/0xz  T_9.58, 4;
    %pushi/vec4 0, 0, 1;
    %assign/vec4 v0x56de714b3da0_0, 0;
    %load/vec4 v0x56de714b3c20_0;
    %addi 1, 0, 14;
    %assign/vec4 v0x56de714b3c20_0, 0;
    %jmp T_9.59;
T_9.58 ;
    %load/vec4 v0x56de714b3c20_0;
    %pad/u 32;
    %cmpi/e 505, 0, 32;
    %jmp/0xz  T_9.60, 4;
    %pushi/vec4 1, 0, 1;
    %assign/vec4 v0x56de714b4030_0, 0;
    %load/vec4 v0x56de714b3c20_0;
    %addi 1, 0, 14;
    %assign/vec4 v0x56de714b3c20_0, 0;
    %jmp T_9.61;
T_9.60 ;
    %load/vec4 v0x56de714b3c20_0;
    %pad/u 32;
    %cmpi/e 1005, 0, 32;
    %jmp/0xz  T_9.62, 4;
    %pushi/vec4 0, 0, 1;
    %assign/vec4 v0x56de714b4030_0, 0;
    %load/vec4 v0x56de714b3c20_0;
    %addi 1, 0, 14;
    %assign/vec4 v0x56de714b3c20_0, 0;
    %jmp T_9.63;
T_9.62 ;
    %load/vec4 v0x56de714b3c20_0;
    %pad/u 32;
    %cmpi/e 1505, 0, 32;
    %jmp/0xz  T_9.64, 4;
    %pushi/vec4 1, 0, 1;
    %assign/vec4 v0x56de714b4030_0, 0;
    %load/vec4 v0x56de714b3c20_0;
    %addi 1, 0, 14;
    %assign/vec4 v0x56de714b3c20_0, 0;
    %jmp T_9.65;
T_9.64 ;
    %load/vec4 v0x56de714b3c20_0;
    %pad/u 32;
    %cmpi/e 2005, 0, 32;
    %jmp/0xz  T_9.66, 4;
    %pushi/vec4 0, 0, 1;
    %assign/vec4 v0x56de714b4030_0, 0;
    %load/vec4 v0x56de714b3c20_0;
    %addi 1, 0, 14;
    %assign/vec4 v0x56de714b3c20_0, 0;
    %jmp T_9.67;
T_9.66 ;
    %load/vec4 v0x56de714b3c20_0;
    %pad/u 32;
    %cmpi/e 2505, 0, 32;
    %jmp/0xz  T_9.68, 4;
    %pushi/vec4 0, 0, 1;
    %assign/vec4 v0x56de714b4030_0, 0;
    %load/vec4 v0x56de714b3c20_0;
    %addi 1, 0, 14;
    %assign/vec4 v0x56de714b3c20_0, 0;
    %jmp T_9.69;
T_9.68 ;
    %load/vec4 v0x56de714b3c20_0;
    %pad/u 32;
    %cmpi/e 3005, 0, 32;
    %jmp/0xz  T_9.70, 4;
    %pushi/vec4 0, 0, 1;
    %assign/vec4 v0x56de714b4030_0, 0;
    %load/vec4 v0x56de714b3c20_0;
    %addi 1, 0, 14;
    %assign/vec4 v0x56de714b3c20_0, 0;
    %jmp T_9.71;
T_9.70 ;
    %load/vec4 v0x56de714b3c20_0;
    %pad/u 32;
    %cmpi/e 3505, 0, 32;
    %jmp/0xz  T_9.72, 4;
    %pushi/vec4 1, 0, 1;
    %assign/vec4 v0x56de714b4030_0, 0;
    %load/vec4 v0x56de714b3c20_0;
    %addi 1, 0, 14;
    %assign/vec4 v0x56de714b3c20_0, 0;
    %jmp T_9.73;
T_9.72 ;
    %load/vec4 v0x56de714b3c20_0;
    %pad/u 32;
    %cmpi/e 4005, 0, 32;
    %jmp/0xz  T_9.74, 4;
    %pushi/vec4 1, 0, 1;
    %assign/vec4 v0x56de714b4030_0, 0;
    %pushi/vec4 0, 0, 1;
    %assign/vec4 v0x56de714b3e90_0, 0;
    %load/vec4 v0x56de714b3c20_0;
    %addi 1, 0, 14;
    %assign/vec4 v0x56de714b3c20_0, 0;
    %jmp T_9.75;
T_9.74 ;
    %load/vec4 v0x56de714b3c20_0;
    %pad/u 32;
    %cmpi/e 4505, 0, 32;
    %jmp/0xz  T_9.76, 4;
    %pushi/vec4 1, 0, 1;
    %assign/vec4 v0x56de714b3e90_0, 0;
    %pushi/vec4 0, 0, 1;
    %assign/vec4 v0x56de714b4030_0, 0;
    %pushi/vec4 0, 0, 14;
    %assign/vec4 v0x56de714b3c20_0, 0;
    %pushi/vec4 3, 0, 3;
    %assign/vec4 v0x56de714b4170_0, 0;
    %pushi/vec4 5, 0, 3;
    %assign/vec4 v0x56de714b40d0_0, 0;
    %jmp T_9.77;
T_9.76 ;
    %load/vec4 v0x56de714b3c20_0;
    %addi 1, 0, 14;
    %assign/vec4 v0x56de714b3c20_0, 0;
T_9.77 ;
T_9.75 ;
T_9.73 ;
T_9.71 ;
T_9.69 ;
T_9.67 ;
T_9.65 ;
T_9.63 ;
T_9.61 ;
T_9.59 ;
T_9.56 ;
T_9.53 ;
T_9.29 ;
    %jmp T_9.7;
T_9.3 ;
    %load/vec4 v0x56de714b40d0_0;
    %cmpi/e 2, 0, 3;
    %jmp/0xz  T_9.78, 4;
    %load/vec4 v0x56de714b3c20_0;
    %pad/u 32;
    %cmpi/e 250, 0, 32;
    %jmp/0xz  T_9.80, 4;
    %pushi/vec4 0, 0, 1;
    %assign/vec4 v0x56de714b4030_0, 0;
    %pushi/vec4 0, 0, 1;
    %assign/vec4 v0x56de714b3da0_0, 0;
    %pushi/vec4 0, 0, 14;
    %assign/vec4 v0x56de714b3c20_0, 0;
    %pushi/vec4 4, 0, 3;
    %assign/vec4 v0x56de714b4170_0, 0;
    %jmp T_9.81;
T_9.80 ;
    %load/vec4 v0x56de714b3c20_0;
    %addi 1, 0, 14;
    %assign/vec4 v0x56de714b3c20_0, 0;
T_9.81 ;
    %jmp T_9.79;
T_9.78 ;
    %load/vec4 v0x56de714b40d0_0;
    %cmpi/e 4, 0, 3;
    %jmp/0xz  T_9.82, 4;
    %load/vec4 v0x56de714b3c20_0;
    %pad/u 32;
    %cmpi/e 250, 0, 32;
    %jmp/0xz  T_9.84, 4;
    %pushi/vec4 1, 0, 1;
    %assign/vec4 v0x56de714b4030_0, 0;
    %pushi/vec4 0, 0, 1;
    %assign/vec4 v0x56de714b3da0_0, 0;
    %pushi/vec4 0, 0, 14;
    %assign/vec4 v0x56de714b3c20_0, 0;
    %pushi/vec4 1, 0, 3;
    %assign/vec4 v0x56de714b4170_0, 0;
    %pushi/vec4 4, 0, 3;
    %assign/vec4 v0x56de714b40d0_0, 0;
    %jmp T_9.85;
T_9.84 ;
    %load/vec4 v0x56de714b3c20_0;
    %addi 1, 0, 14;
    %assign/vec4 v0x56de714b3c20_0, 0;
T_9.85 ;
    %jmp T_9.83;
T_9.82 ;
    %load/vec4 v0x56de714b40d0_0;
    %cmpi/e 5, 0, 3;
    %jmp/0xz  T_9.86, 4;
    %load/vec4 v0x56de714b3c20_0;
    %pad/u 32;
    %cmpi/e 250, 0, 32;
    %jmp/0xz  T_9.88, 4;
    %pushi/vec4 0, 0, 1;
    %assign/vec4 v0x56de714b4030_0, 0;
    %pushi/vec4 0, 0, 1;
    %assign/vec4 v0x56de714b3da0_0, 0;
    %pushi/vec4 0, 0, 14;
    %assign/vec4 v0x56de714b3c20_0, 0;
    %pushi/vec4 6, 0, 3;
    %assign/vec4 v0x56de714b4170_0, 0;
    %pushi/vec4 0, 0, 1;
    %assign/vec4 v0x56de714b3e90_0, 0;
    %jmp T_9.89;
T_9.88 ;
    %load/vec4 v0x56de714b3c20_0;
    %addi 1, 0, 14;
    %assign/vec4 v0x56de714b3c20_0, 0;
T_9.89 ;
T_9.86 ;
T_9.83 ;
T_9.79 ;
    %jmp T_9.7;
T_9.4 ;
    %load/vec4 v0x56de714b3c20_0;
    %pad/u 32;
    %pushi/vec4 250, 0, 32;
    %mod;
    %cmpi/e 0, 0, 32;
    %flag_get/vec4 4;
    %jmp/0 T_9.92, 4;
    %load/vec4 v0x56de714b3c20_0;
    %pad/u 32;
    %pushi/vec4 500, 0, 32;
    %mod;
    %pushi/vec4 0, 0, 32;
    %cmp/ne;
    %flag_get/vec4 4;
    %and;
T_9.92;
    %flag_set/vec4 8;
    %jmp/0xz  T_9.90, 8;
    %load/vec4 v0x56de714b3da0_0;
    %inv;
    %assign/vec4 v0x56de714b3da0_0, 0;
    %load/vec4 v0x56de714b3c20_0;
    %addi 1, 0, 14;
    %assign/vec4 v0x56de714b3c20_0, 0;
    %jmp T_9.91;
T_9.90 ;
    %load/vec4 v0x56de714b3c20_0;
    %pad/u 32;
    %pushi/vec4 500, 0, 32;
    %mod;
    %cmpi/e 0, 0, 32;
    %jmp/0xz  T_9.93, 4;
    %pushi/vec4 0, 0, 1;
    %assign/vec4 v0x56de714b3da0_0, 0;
    %load/vec4 v0x56de714b3c20_0;
    %addi 1, 0, 14;
    %assign/vec4 v0x56de714b3c20_0, 0;
    %jmp T_9.94;
T_9.93 ;
    %load/vec4 v0x56de714b3c20_0;
    %pad/u 32;
    %cmpi/e 4005, 0, 32;
    %jmp/0xz  T_9.95, 4;
    %pushi/vec4 1, 0, 1;
    %assign/vec4 v0x56de714b4030_0, 0;
    %pushi/vec4 0, 0, 1;
    %assign/vec4 v0x56de714b3e90_0, 0;
    %load/vec4 v0x56de714b3c20_0;
    %addi 1, 0, 14;
    %assign/vec4 v0x56de714b3c20_0, 0;
    %jmp T_9.96;
T_9.95 ;
    %load/vec4 v0x56de714b3c20_0;
    %pad/u 32;
    %cmpi/e 4505, 0, 32;
    %jmp/0xz  T_9.97, 4;
    %pushi/vec4 1, 0, 1;
    %assign/vec4 v0x56de714b3e90_0, 0;
    %pushi/vec4 0, 0, 1;
    %assign/vec4 v0x56de714b4030_0, 0;
    %pushi/vec4 0, 0, 14;
    %assign/vec4 v0x56de714b3c20_0, 0;
    %pushi/vec4 3, 0, 3;
    %assign/vec4 v0x56de714b4170_0, 0;
    %pushi/vec4 4, 0, 3;
    %assign/vec4 v0x56de714b40d0_0, 0;
    %jmp T_9.98;
T_9.97 ;
    %load/vec4 v0x56de714b3c20_0;
    %addi 1, 0, 14;
    %assign/vec4 v0x56de714b3c20_0, 0;
T_9.98 ;
T_9.96 ;
T_9.94 ;
T_9.91 ;
    %jmp T_9.7;
T_9.5 ;
    %load/vec4 v0x56de714b3cc0_0;
    %pad/u 32;
    %cmpi/u 6, 0, 32;
    %jmp/0xz  T_9.99, 5;
    %load/vec4 v0x56de714b3c20_0;
    %pad/u 32;
    %pushi/vec4 250, 0, 32;
    %mod;
    %cmpi/e 0, 0, 32;
    %flag_get/vec4 4;
    %jmp/0 T_9.104, 4;
    %load/vec4 v0x56de714b3c20_0;
    %pad/u 32;
    %pushi/vec4 500, 0, 32;
    %mod;
    %pushi/vec4 0, 0, 32;
    %cmp/ne;
    %flag_get/vec4 4;
    %and;
T_9.104;
    %flag_set/vec4 9;
    %flag_get/vec4 9;
    %jmp/0 T_9.103, 9;
    %load/vec4 v0x56de714b3c20_0;
    %pad/u 32;
    %pushi/vec4 4750, 0, 32;
    %cmp/ne;
    %flag_get/vec4 4;
    %and;
T_9.103;
    %flag_set/vec4 8;
    %jmp/0xz  T_9.101, 8;
    %load/vec4 v0x56de714b3da0_0;
    %inv;
    %assign/vec4 v0x56de714b3da0_0, 0;
    %load/vec4 v0x56de714b3c20_0;
    %addi 1, 0, 14;
    %assign/vec4 v0x56de714b3c20_0, 0;
    %jmp T_9.102;
T_9.101 ;
    %load/vec4 v0x56de714b3c20_0;
    %pad/u 32;
    %pushi/vec4 500, 0, 32;
    %mod;
    %cmpi/e 0, 0, 32;
    %jmp/0xz  T_9.105, 4;
    %pushi/vec4 0, 0, 1;
    %assign/vec4 v0x56de714b3da0_0, 0;
    %load/vec4 v0x56de714b3c20_0;
    %addi 1, 0, 14;
    %assign/vec4 v0x56de714b3c20_0, 0;
    %jmp T_9.106;
T_9.105 ;
    %load/vec4 v0x56de714b3c20_0;
    %pad/u 32;
    %cmpi/e 4005, 0, 32;
    %jmp/0xz  T_9.107, 4;
    %pushi/vec4 0, 0, 1;
    %assign/vec4 v0x56de714b4030_0, 0;
    %pushi/vec4 1, 0, 1;
    %assign/vec4 v0x56de714b3e90_0, 0;
    %load/vec4 v0x56de714b3c20_0;
    %addi 1, 0, 14;
    %assign/vec4 v0x56de714b3c20_0, 0;
    %jmp T_9.108;
T_9.107 ;
    %load/vec4 v0x56de714b3c20_0;
    %pad/u 32;
    %cmpi/e 4505, 0, 32;
    %jmp/0xz  T_9.109, 4;
    %pushi/vec4 1, 0, 1;
    %assign/vec4 v0x56de714b4030_0, 0;
    %pushi/vec4 0, 0, 1;
    %assign/vec4 v0x56de714b3e90_0, 0;
    %load/vec4 v0x56de714b3c20_0;
    %addi 1, 0, 14;
    %assign/vec4 v0x56de714b3c20_0, 0;
    %jmp T_9.110;
T_9.109 ;
    %load/vec4 v0x56de714b3c20_0;
    %pad/u 32;
    %cmpi/e 4750, 0, 32;
    %jmp/0xz  T_9.111, 4;
    %pushi/vec4 1, 0, 1;
    %assign/vec4 v0x56de714b4030_0, 0;
    %pushi/vec4 0, 0, 1;
    %assign/vec4 v0x56de714b3e90_0, 0;
    %pushi/vec4 0, 0, 1;
    %assign/vec4 v0x56de714b3da0_0, 0;
    %pushi/vec4 0, 0, 14;
    %assign/vec4 v0x56de714b3c20_0, 0;
    %load/vec4 v0x56de714b3cc0_0;
    %addi 1, 0, 4;
    %assign/vec4 v0x56de714b3cc0_0, 0;
    %jmp T_9.112;
T_9.111 ;
    %load/vec4 v0x56de714b3c20_0;
    %addi 1, 0, 14;
    %assign/vec4 v0x56de714b3c20_0, 0;
T_9.112 ;
T_9.110 ;
T_9.108 ;
T_9.106 ;
T_9.102 ;
    %jmp T_9.100;
T_9.99 ;
    %load/vec4 v0x56de714b3cc0_0;
    %pad/u 32;
    %cmpi/e 6, 0, 32;
    %jmp/0xz  T_9.113, 4;
    %load/vec4 v0x56de714b3c20_0;
    %pad/u 32;
    %pushi/vec4 250, 0, 32;
    %mod;
    %cmpi/e 0, 0, 32;
    %flag_get/vec4 4;
    %jmp/0 T_9.118, 4;
    %load/vec4 v0x56de714b3c20_0;
    %pad/u 32;
    %pushi/vec4 500, 0, 32;
    %mod;
    %pushi/vec4 0, 0, 32;
    %cmp/ne;
    %flag_get/vec4 4;
    %and;
T_9.118;
    %flag_set/vec4 9;
    %flag_get/vec4 9;
    %jmp/0 T_9.117, 9;
    %load/vec4 v0x56de714b3c20_0;
    %pad/u 32;
    %pushi/vec4 4750, 0, 32;
    %cmp/ne;
    %flag_get/vec4 4;
    %and;
T_9.117;
    %flag_set/vec4 8;
    %jmp/0xz  T_9.115, 8;
    %load/vec4 v0x56de714b3da0_0;
    %inv;
    %assign/vec4 v0x56de714b3da0_0, 0;
    %load/vec4 v0x56de714b3c20_0;
    %addi 1, 0, 14;
    %assign/vec4 v0x56de714b3c20_0, 0;
    %jmp T_9.116;
T_9.115 ;
    %load/vec4 v0x56de714b3c20_0;
    %pad/u 32;
    %pushi/vec4 500, 0, 32;
    %mod;
    %cmpi/e 0, 0, 32;
    %jmp/0xz  T_9.119, 4;
    %pushi/vec4 0, 0, 1;
    %assign/vec4 v0x56de714b3da0_0, 0;
    %load/vec4 v0x56de714b3c20_0;
    %addi 1, 0, 14;
    %assign/vec4 v0x56de714b3c20_0, 0;
    %jmp T_9.120;
T_9.119 ;
    %load/vec4 v0x56de714b3c20_0;
    %pad/u 32;
    %cmpi/e 4005, 0, 32;
    %jmp/0xz  T_9.121, 4;
    %pushi/vec4 1, 0, 1;
    %assign/vec4 v0x56de714b4030_0, 0;
    %pushi/vec4 1, 0, 1;
    %assign/vec4 v0x56de714b3e90_0, 0;
    %load/vec4 v0x56de714b3c20_0;
    %addi 1, 0, 14;
    %assign/vec4 v0x56de714b3c20_0, 0;
    %jmp T_9.122;
T_9.121 ;
    %load/vec4 v0x56de714b3c20_0;
    %pad/u 32;
    %cmpi/e 4505, 0, 32;
    %jmp/0xz  T_9.123, 4;
    %pushi/vec4 1, 0, 1;
    %assign/vec4 v0x56de714b4030_0, 0;
    %pushi/vec4 1, 0, 1;
    %assign/vec4 v0x56de714b3e90_0, 0;
    %load/vec4 v0x56de714b3c20_0;
    %addi 1, 0, 14;
    %assign/vec4 v0x56de714b3c20_0, 0;
    %jmp T_9.124;
T_9.123 ;
    %load/vec4 v0x56de714b3c20_0;
    %pad/u 32;
    %cmpi/e 4750, 0, 32;
    %jmp/0xz  T_9.125, 4;
    %pushi/vec4 0, 0, 1;
    %assign/vec4 v0x56de714b4030_0, 0;
    %pushi/vec4 1, 0, 1;
    %assign/vec4 v0x56de714b3e90_0, 0;
    %pushi/vec4 0, 0, 1;
    %assign/vec4 v0x56de714b3da0_0, 0;
    %pushi/vec4 0, 0, 14;
    %assign/vec4 v0x56de714b3c20_0, 0;
    %load/vec4 v0x56de714b3cc0_0;
    %addi 1, 0, 4;
    %assign/vec4 v0x56de714b3cc0_0, 0;
    %jmp T_9.126;
T_9.125 ;
    %load/vec4 v0x56de714b3c20_0;
    %addi 1, 0, 14;
    %assign/vec4 v0x56de714b3c20_0, 0;
T_9.126 ;
T_9.124 ;
T_9.122 ;
T_9.120 ;
T_9.116 ;
    %jmp T_9.114;
T_9.113 ;
    %load/vec4 v0x56de714b3cc0_0;
    %pad/u 32;
    %cmpi/e 7, 0, 32;
    %jmp/0xz  T_9.127, 4;
    %load/vec4 v0x56de714b3c20_0;
    %pad/u 32;
    %cmpi/e 250, 0, 32;
    %jmp/0xz  T_9.129, 4;
    %pushi/vec4 1, 0, 1;
    %assign/vec4 v0x56de714b3da0_0, 0;
    %load/vec4 v0x56de714b3c20_0;
    %addi 1, 0, 14;
    %assign/vec4 v0x56de714b3c20_0, 0;
    %jmp T_9.130;
T_9.129 ;
    %load/vec4 v0x56de714b3c20_0;
    %pad/u 32;
    %cmpi/e 500, 0, 32;
    %jmp/0xz  T_9.131, 4;
    %pushi/vec4 1, 0, 1;
    %assign/vec4 v0x56de714b4030_0, 0;
    %pushi/vec4 0, 0, 14;
    %assign/vec4 v0x56de714b3c20_0, 0;
    %load/vec4 v0x56de714b3cc0_0;
    %addi 1, 0, 4;
    %assign/vec4 v0x56de714b3cc0_0, 0;
    %jmp T_9.132;
T_9.131 ;
    %load/vec4 v0x56de714b3c20_0;
    %addi 1, 0, 14;
    %assign/vec4 v0x56de714b3c20_0, 0;
T_9.132 ;
T_9.130 ;
    %jmp T_9.128;
T_9.127 ;
    %load/vec4 v0x56de714b3cc0_0;
    %pad/u 32;
    %cmpi/e 8, 0, 32;
    %jmp/0xz  T_9.133, 4;
    %pushi/vec4 7, 0, 3;
    %assign/vec4 v0x56de714b4170_0, 0;
    %pushi/vec4 6, 0, 3;
    %assign/vec4 v0x56de714b40d0_0, 0;
    %pushi/vec4 1, 0, 1;
    %assign/vec4 v0x56de714b3e90_0, 0;
    %pushi/vec4 0, 0, 14;
    %assign/vec4 v0x56de714b3c20_0, 0;
    %pushi/vec4 0, 0, 4;
    %assign/vec4 v0x56de714b3cc0_0, 0;
T_9.133 ;
T_9.128 ;
T_9.114 ;
T_9.100 ;
    %jmp T_9.7;
T_9.6 ;
    %load/vec4 v0x56de714b3a70_0;
    %pad/u 32;
    %cmpi/e 0, 0, 32;
    %jmp/0xz  T_9.135, 4;
    %pushi/vec4 0, 0, 3;
    %assign/vec4 v0x56de714b4170_0, 0;
T_9.135 ;
    %jmp T_9.7;
T_9.7 ;
    %pop/vec4 1;
    %jmp T_9;
    .thread T_9;
    .scope S_0x56de714b19a0;
T_10 ;
    %pushi/vec4 0, 0, 7;
    %assign/vec4 v0x56de714b2af0_0, 0;
    %pushi/vec4 0, 0, 59;
    %assign/vec4 v0x56de714b2bb0_0, 0;
    %pushi/vec4 0, 0, 8;
    %assign/vec4 v0x56de714b2890_0, 0;
    %pushi/vec4 0, 0, 8;
    %assign/vec4 v0x56de714b2670_0, 0;
    %pushi/vec4 0, 0, 8;
    %assign/vec4 v0x56de714b2580_0, 0;
    %pushi/vec4 0, 0, 8;
    %assign/vec4 v0x56de714b2490_0, 0;
    %pushi/vec4 0, 0, 8;
    %assign/vec4 v0x56de714b23b0_0, 0;
    %pushi/vec4 0, 0, 8;
    %assign/vec4 v0x56de714b27b0_0, 0;
    %pushi/vec4 0, 0, 8;
    %assign/vec4 v0x56de714b2970_0, 0;
    %pushi/vec4 0, 0, 3;
    %assign/vec4 v0x56de714b22b0_0, 0;
    %end;
    .thread T_10;
    .scope S_0x56de714b19a0;
T_11 ;
    %wait E_0x56de714b1d80;
    %load/vec4 v0x56de714b2e10_0;
    %pad/u 32;
    %pushi/vec4 0, 0, 32;
    %cmp/e;
    %flag_get/vec4 4;
    %load/vec4 v0x56de714b2af0_0;
    %pad/u 32;
    %pushi/vec4 59, 0, 32;
    %cmp/ne;
    %flag_get/vec4 4;
    %and;
    %flag_set/vec4 8;
    %jmp/0xz  T_11.0, 8;
    %load/vec4 v0x56de714b2d50_0;
    %ix/load 5, 0, 0;
    %ix/getv 4, v0x56de714b2af0_0;
    %assign/vec4/off/d v0x56de714b2bb0_0, 4, 5;
    %load/vec4 v0x56de714b2af0_0;
    %addi 1, 0, 7;
    %assign/vec4 v0x56de714b2af0_0, 0;
    %jmp T_11.1;
T_11.0 ;
    %load/vec4 v0x56de714b2af0_0;
    %pad/u 32;
    %cmpi/e 59, 0, 32;
    %jmp/0xz  T_11.2, 4;
    %pushi/vec4 0, 0, 7;
    %assign/vec4 v0x56de714b2af0_0, 0;
T_11.2 ;
T_11.1 ;
    %jmp T_11;
    .thread T_11;
    .scope S_0x56de714b19a0;
T_12 ;
    %wait E_0x56de714b1d00;
    %load/vec4 v0x56de714b2bb0_0;
    %parti/s 3, 0, 2;
    %assign/vec4 v0x56de714b22b0_0, 0;
    %load/vec4 v0x56de714b2bb0_0;
    %parti/s 8, 3, 3;
    %store/vec4 v0x56de714b20e0_0, 0, 8;
    %callf/vec4 TD_tb_top.top.listen.reverse_bits8, S_0x56de714b1de0;
    %assign/vec4 v0x56de714b2890_0, 0;
    %load/vec4 v0x56de714b2bb0_0;
    %parti/s 8, 11, 5;
    %store/vec4 v0x56de714b20e0_0, 0, 8;
    %callf/vec4 TD_tb_top.top.listen.reverse_bits8, S_0x56de714b1de0;
    %assign/vec4 v0x56de714b2670_0, 0;
    %load/vec4 v0x56de714b2bb0_0;
    %parti/s 8, 19, 6;
    %store/vec4 v0x56de714b20e0_0, 0, 8;
    %callf/vec4 TD_tb_top.top.listen.reverse_bits8, S_0x56de714b1de0;
    %assign/vec4 v0x56de714b2580_0, 0;
    %load/vec4 v0x56de714b2bb0_0;
    %parti/s 15, 20, 6;
    %store/vec4 v0x56de714b20e0_0, 0, 8;
    %callf/vec4 TD_tb_top.top.listen.reverse_bits8, S_0x56de714b1de0;
    %assign/vec4 v0x56de714b2490_0, 0;
    %load/vec4 v0x56de714b2bb0_0;
    %parti/s 8, 35, 7;
    %store/vec4 v0x56de714b20e0_0, 0, 8;
    %callf/vec4 TD_tb_top.top.listen.reverse_bits8, S_0x56de714b1de0;
    %assign/vec4 v0x56de714b23b0_0, 0;
    %load/vec4 v0x56de714b2bb0_0;
    %parti/s 8, 43, 7;
    %store/vec4 v0x56de714b20e0_0, 0, 8;
    %callf/vec4 TD_tb_top.top.listen.reverse_bits8, S_0x56de714b1de0;
    %assign/vec4 v0x56de714b27b0_0, 0;
    %load/vec4 v0x56de714b2bb0_0;
    %parti/s 8, 51, 7;
    %store/vec4 v0x56de714b20e0_0, 0, 8;
    %callf/vec4 TD_tb_top.top.listen.reverse_bits8, S_0x56de714b1de0;
    %assign/vec4 v0x56de714b2970_0, 0;
    %jmp T_12;
    .thread T_12;
    .scope S_0x56de714ae5c0;
T_13 ;
    %wait E_0x56de713dc210;
    %pushi/vec4 72, 0, 8;
    %ix/load 3, 0, 0;
    %flag_set/imm 4, 0;
    %ix/load 4, 0, 0; Constant delay
    %assign/vec4/a/d v0x56de714b1790, 0, 4;
    %pushi/vec4 111, 0, 8;
    %ix/load 3, 1, 0;
    %flag_set/imm 4, 0;
    %ix/load 4, 0, 0; Constant delay
    %assign/vec4/a/d v0x56de714b1790, 0, 4;
    %pushi/vec4 114, 0, 8;
    %ix/load 3, 2, 0;
    %flag_set/imm 4, 0;
    %ix/load 4, 0, 0; Constant delay
    %assign/vec4/a/d v0x56de714b1790, 0, 4;
    %pushi/vec4 97, 0, 8;
    %ix/load 3, 3, 0;
    %flag_set/imm 4, 0;
    %ix/load 4, 0, 0; Constant delay
    %assign/vec4/a/d v0x56de714b1790, 0, 4;
    %pushi/vec4 32, 0, 8;
    %ix/load 3, 4, 0;
    %flag_set/imm 4, 0;
    %ix/load 4, 0, 0; Constant delay
    %assign/vec4/a/d v0x56de714b1790, 0, 4;
    %pushi/vec4 32, 0, 8;
    %ix/load 3, 5, 0;
    %flag_set/imm 4, 0;
    %ix/load 4, 0, 0; Constant delay
    %assign/vec4/a/d v0x56de714b1790, 0, 4;
    %load/vec4 v0x56de714af630_0;
    %ix/load 3, 6, 0;
    %flag_set/imm 4, 0;
    %ix/load 4, 0, 0; Constant delay
    %assign/vec4/a/d v0x56de714b1790, 0, 4;
    %load/vec4 v0x56de714af710_0;
    %ix/load 3, 7, 0;
    %flag_set/imm 4, 0;
    %ix/load 4, 0, 0; Constant delay
    %assign/vec4/a/d v0x56de714b1790, 0, 4;
    %pushi/vec4 58, 0, 8;
    %ix/load 3, 8, 0;
    %flag_set/imm 4, 0;
    %ix/load 4, 0, 0; Constant delay
    %assign/vec4/a/d v0x56de714b1790, 0, 4;
    %load/vec4 v0x56de714af7d0_0;
    %ix/load 3, 9, 0;
    %flag_set/imm 4, 0;
    %ix/load 4, 0, 0; Constant delay
    %assign/vec4/a/d v0x56de714b1790, 0, 4;
    %load/vec4 v0x56de714af8b0_0;
    %ix/load 3, 10, 0;
    %flag_set/imm 4, 0;
    %ix/load 4, 0, 0; Constant delay
    %assign/vec4/a/d v0x56de714b1790, 0, 4;
    %jmp T_13;
    .thread T_13;
    .scope S_0x56de714ae5c0;
T_14 ;
    %wait E_0x56de713dc210;
    %load/vec4 v0x56de714b09e0_0;
    %pad/u 32;
    %cmpi/e 24, 0, 32;
    %jmp/0xz  T_14.0, 4;
    %load/vec4 v0x56de714b0920_0;
    %inv;
    %assign/vec4 v0x56de714b0920_0, 0;
    %pushi/vec4 0, 0, 5;
    %assign/vec4 v0x56de714b09e0_0, 0;
    %jmp T_14.1;
T_14.0 ;
    %load/vec4 v0x56de714b09e0_0;
    %addi 1, 0, 5;
    %assign/vec4 v0x56de714b09e0_0, 0;
T_14.1 ;
    %jmp T_14;
    .thread T_14;
    .scope S_0x56de714ae5c0;
T_15 ;
    %pushi/vec4 0, 0, 3;
    %assign/vec4 v0x56de714b0fc0_0, 0;
    %pushi/vec4 0, 0, 1;
    %assign/vec4 v0x56de714b1550_0, 0;
    %pushi/vec4 0, 0, 1;
    %assign/vec4 v0x56de714b1610_0, 0;
    %pushi/vec4 0, 0, 8;
    %assign/vec4 v0x56de714b0c60_0, 0;
    %pushi/vec4 0, 0, 1;
    %assign/vec4 v0x56de714b0920_0, 0;
    %pushi/vec4 0, 0, 5;
    %assign/vec4 v0x56de714b09e0_0, 0;
    %pushi/vec4 0, 0, 6;
    %assign/vec4 v0x56de714b10a0_0, 0;
    %pushi/vec4 56, 0, 8;
    %ix/load 3, 0, 0;
    %flag_set/imm 4, 0;
    %ix/load 4, 0, 0; Constant delay
    %assign/vec4/a/d v0x56de714b0ba0, 0, 4;
    %pushi/vec4 6, 0, 8;
    %ix/load 3, 1, 0;
    %flag_set/imm 4, 0;
    %ix/load 4, 0, 0; Constant delay
    %assign/vec4/a/d v0x56de714b0ba0, 0, 4;
    %pushi/vec4 12, 0, 8;
    %ix/load 3, 2, 0;
    %flag_set/imm 4, 0;
    %ix/load 4, 0, 0; Constant delay
    %assign/vec4/a/d v0x56de714b0ba0, 0, 4;
    %pushi/vec4 1, 0, 8;
    %ix/load 3, 3, 0;
    %flag_set/imm 4, 0;
    %ix/load 4, 0, 0; Constant delay
    %assign/vec4/a/d v0x56de714b0ba0, 0, 4;
    %end;
    .thread T_15;
    .scope S_0x56de714ae5c0;
T_16 ;
    %wait E_0x56de714af460;
    %load/vec4 v0x56de714b1470_0;
    %assign/vec4 v0x56de714b0fc0_0, 0;
    %jmp T_16;
    .thread T_16;
    .scope S_0x56de714ae5c0;
T_17 ;
    %wait E_0x56de714af4c0;
    %load/vec4 v0x56de714b0fc0_0;
    %dup/vec4;
    %pushi/vec4 0, 0, 3;
    %cmp/u;
    %jmp/1 T_17.0, 6;
    %dup/vec4;
    %pushi/vec4 1, 0, 3;
    %cmp/u;
    %jmp/1 T_17.1, 6;
    %dup/vec4;
    %pushi/vec4 2, 0, 3;
    %cmp/u;
    %jmp/1 T_17.2, 6;
    %dup/vec4;
    %pushi/vec4 3, 0, 3;
    %cmp/u;
    %jmp/1 T_17.3, 6;
    %dup/vec4;
    %pushi/vec4 4, 0, 3;
    %cmp/u;
    %jmp/1 T_17.4, 6;
    %dup/vec4;
    %pushi/vec4 5, 0, 3;
    %cmp/u;
    %jmp/1 T_17.5, 6;
    %pushi/vec4 0, 0, 3;
    %store/vec4 v0x56de714b1470_0, 0, 3;
    %jmp T_17.7;
T_17.0 ;
    %pushi/vec4 1, 0, 3;
    %store/vec4 v0x56de714b1470_0, 0, 3;
    %jmp T_17.7;
T_17.1 ;
    %load/vec4 v0x56de714b10a0_0;
    %pad/u 32;
    %cmpi/e 32, 0, 32;
    %flag_mov 8, 4;
    %jmp/0 T_17.8, 8;
    %pushi/vec4 2, 0, 3;
    %jmp/1 T_17.9, 8;
T_17.8 ; End of true expr.
    %pushi/vec4 1, 0, 3;
    %jmp/0 T_17.9, 8;
 ; End of false expr.
    %blend;
T_17.9;
    %store/vec4 v0x56de714b1470_0, 0, 3;
    %jmp T_17.7;
T_17.2 ;
    %load/vec4 v0x56de714b0ac0_0;
    %pad/u 32;
    %cmpi/e 4, 0, 32;
    %flag_mov 8, 4;
    %jmp/0 T_17.10, 8;
    %pushi/vec4 3, 0, 3;
    %jmp/1 T_17.11, 8;
T_17.10 ; End of true expr.
    %pushi/vec4 2, 0, 3;
    %jmp/0 T_17.11, 8;
 ; End of false expr.
    %blend;
T_17.11;
    %store/vec4 v0x56de714b1470_0, 0, 3;
    %jmp T_17.7;
T_17.3 ;
    %load/vec4 v0x56de714b0d40_0;
    %pad/u 32;
    %cmpi/e 16, 0, 32;
    %flag_mov 8, 4;
    %jmp/0 T_17.12, 8;
    %pushi/vec4 4, 0, 3;
    %jmp/1 T_17.13, 8;
T_17.12 ; End of true expr.
    %pushi/vec4 3, 0, 3;
    %jmp/0 T_17.13, 8;
 ; End of false expr.
    %blend;
T_17.13;
    %store/vec4 v0x56de714b1470_0, 0, 3;
    %jmp T_17.7;
T_17.4 ;
    %pushi/vec4 5, 0, 3;
    %store/vec4 v0x56de714b1470_0, 0, 3;
    %jmp T_17.7;
T_17.5 ;
    %load/vec4 v0x56de714b0d40_0;
    %pad/u 32;
    %cmpi/e 16, 0, 32;
    %flag_mov 8, 4;
    %jmp/0 T_17.14, 8;
    %pushi/vec4 0, 0, 3;
    %jmp/1 T_17.15, 8;
T_17.14 ; End of true expr.
    %pushi/vec4 5, 0, 3;
    %jmp/0 T_17.15, 8;
 ; End of false expr.
    %blend;
T_17.15;
    %store/vec4 v0x56de714b1470_0, 0, 3;
    %jmp T_17.7;
T_17.7 ;
    %pop/vec4 1;
    %jmp T_17;
    .thread T_17, $push;
    .scope S_0x56de714ae5c0;
T_18 ;
    %wait E_0x56de714af460;
    %load/vec4 v0x56de714b0fc0_0;
    %dup/vec4;
    %pushi/vec4 0, 0, 3;
    %cmp/u;
    %jmp/1 T_18.0, 6;
    %dup/vec4;
    %pushi/vec4 1, 0, 3;
    %cmp/u;
    %jmp/1 T_18.1, 6;
    %dup/vec4;
    %pushi/vec4 2, 0, 3;
    %cmp/u;
    %jmp/1 T_18.2, 6;
    %dup/vec4;
    %pushi/vec4 3, 0, 3;
    %cmp/u;
    %jmp/1 T_18.3, 6;
    %dup/vec4;
    %pushi/vec4 4, 0, 3;
    %cmp/u;
    %jmp/1 T_18.4, 6;
    %dup/vec4;
    %pushi/vec4 5, 0, 3;
    %cmp/u;
    %jmp/1 T_18.5, 6;
    %jmp T_18.6;
T_18.0 ;
    %pushi/vec4 0, 0, 3;
    %assign/vec4 v0x56de714b0ac0_0, 0;
    %pushi/vec4 0, 0, 5;
    %assign/vec4 v0x56de714b0d40_0, 0;
    %pushi/vec4 0, 0, 6;
    %assign/vec4 v0x56de714b10a0_0, 0;
    %pushi/vec4 0, 0, 1;
    %assign/vec4 v0x56de714b1550_0, 0;
    %pushi/vec4 0, 0, 8;
    %assign/vec4 v0x56de714b0c60_0, 0;
    %pushi/vec4 0, 0, 8;
    %assign/vec4 v0x56de714b1390_0, 0;
    %jmp T_18.6;
T_18.1 ;
    %load/vec4 v0x56de714b0e20_0;
    %load/vec4 v0x56de714b1390_0;
    %cmp/ne;
    %flag_get/vec4 4;
    %jmp/0 T_18.9, 4;
    %load/vec4 v0x56de714b10a0_0;
    %pad/u 32;
    %cmpi/u 32, 0, 32;
    %flag_get/vec4 5;
    %and;
T_18.9;
    %flag_set/vec4 8;
    %jmp/0xz  T_18.7, 8;
    %load/vec4 v0x56de714b0e20_0;
    %load/vec4 v0x56de714b10a0_0;
    %pad/u 7;
    %ix/vec4 3;
    %ix/load 4, 0, 0; Constant delay
    %assign/vec4/a/d v0x56de714b16d0, 0, 4;
    %load/vec4 v0x56de714b10a0_0;
    %addi 1, 0, 6;
    %assign/vec4 v0x56de714b10a0_0, 0;
    %load/vec4 v0x56de714b0e20_0;
    %assign/vec4 v0x56de714b1390_0, 0;
T_18.7 ;
    %jmp T_18.6;
T_18.2 ;
    %pushi/vec4 0, 0, 1;
    %assign/vec4 v0x56de714b1550_0, 0;
    %pushi/vec4 0, 0, 1;
    %assign/vec4 v0x56de714b1610_0, 0;
    %load/vec4 v0x56de714b0ac0_0;
    %pad/u 4;
    %ix/vec4 4;
    %load/vec4a v0x56de714b0ba0, 4;
    %assign/vec4 v0x56de714b0c60_0, 0;
    %load/vec4 v0x56de714b0ac0_0;
    %addi 1, 0, 3;
    %assign/vec4 v0x56de714b0ac0_0, 0;
    %jmp T_18.6;
T_18.3 ;
    %pushi/vec4 1, 0, 1;
    %assign/vec4 v0x56de714b1550_0, 0;
    %pushi/vec4 0, 0, 1;
    %assign/vec4 v0x56de714b1610_0, 0;
    %load/vec4 v0x56de714b0d40_0;
    %pad/u 7;
    %ix/vec4 4;
    %load/vec4a v0x56de714b1790, 4;
    %assign/vec4 v0x56de714b0c60_0, 0;
    %load/vec4 v0x56de714b0d40_0;
    %addi 1, 0, 5;
    %assign/vec4 v0x56de714b0d40_0, 0;
    %jmp T_18.6;
T_18.4 ;
    %pushi/vec4 0, 0, 1;
    %assign/vec4 v0x56de714b1550_0, 0;
    %pushi/vec4 0, 0, 1;
    %assign/vec4 v0x56de714b1610_0, 0;
    %pushi/vec4 192, 0, 8;
    %assign/vec4 v0x56de714b0c60_0, 0;
    %pushi/vec4 0, 0, 5;
    %assign/vec4 v0x56de714b0d40_0, 0;
    %jmp T_18.6;
T_18.5 ;
    %pushi/vec4 1, 0, 1;
    %assign/vec4 v0x56de714b1550_0, 0;
    %pushi/vec4 0, 0, 1;
    %assign/vec4 v0x56de714b1610_0, 0;
    %pushi/vec4 16, 0, 32;
    %load/vec4 v0x56de714b0d40_0;
    %pad/u 32;
    %add;
    %ix/vec4 4;
    %load/vec4a v0x56de714b1790, 4;
    %assign/vec4 v0x56de714b0c60_0, 0;
    %load/vec4 v0x56de714b0d40_0;
    %addi 1, 0, 5;
    %assign/vec4 v0x56de714b0d40_0, 0;
    %jmp T_18.6;
T_18.6 ;
    %pop/vec4 1;
    %jmp T_18;
    .thread T_18;
    .scope S_0x56de714ace70;
T_19 ;
    %pushi/vec4 5, 0, 6;
    %assign/vec4 v0x56de714adb70_0, 0;
    %pushi/vec4 0, 0, 8;
    %assign/vec4 v0x56de714adc50_0, 0;
    %pushi/vec4 0, 0, 3;
    %assign/vec4 v0x56de714add30_0, 0;
    %end;
    .thread T_19;
    .scope S_0x56de714ace70;
T_20 ;
    %wait E_0x56de713dc210;
    %pushi/vec4 1, 0, 1;
    %assign/vec4 v0x56de714ad9f0_0, 0;
    %load/vec4 v0x56de714ad1b0_0;
    %load/vec4 v0x56de714adc50_0;
    %cmp/ne;
    %flag_get/vec4 4;
    %load/vec4 v0x56de714ad1b0_0;
    %pad/u 32;
    %load/vec4 v0x56de714adb70_0;
    %pad/u 32;
    %mod;
    %pushi/vec4 0, 0, 32;
    %cmp/e;
    %flag_get/vec4 4;
    %and;
    %flag_set/vec4 8;
    %jmp/0xz  T_20.0, 8;
    %pushi/vec4 0, 0, 1;
    %assign/vec4 v0x56de714ad9f0_0, 0;
    %load/vec4 v0x56de714ad1b0_0;
    %assign/vec4 v0x56de714adc50_0, 0;
    %load/vec4 v0x56de714add30_0;
    %dup/vec4;
    %pushi/vec4 0, 0, 3;
    %cmp/u;
    %jmp/1 T_20.2, 6;
    %dup/vec4;
    %pushi/vec4 1, 0, 3;
    %cmp/u;
    %jmp/1 T_20.3, 6;
    %dup/vec4;
    %pushi/vec4 2, 0, 3;
    %cmp/u;
    %jmp/1 T_20.4, 6;
    %dup/vec4;
    %pushi/vec4 3, 0, 3;
    %cmp/u;
    %jmp/1 T_20.5, 6;
    %dup/vec4;
    %pushi/vec4 4, 0, 3;
    %cmp/u;
    %jmp/1 T_20.6, 6;
    %dup/vec4;
    %pushi/vec4 5, 0, 3;
    %cmp/u;
    %jmp/1 T_20.7, 6;
    %dup/vec4;
    %pushi/vec4 6, 0, 3;
    %cmp/u;
    %jmp/1 T_20.8, 6;
    %jmp T_20.9;
T_20.2 ;
    %pushi/vec4 1, 0, 7;
    %assign/vec4 v0x56de714ade10_0, 0;
    %jmp T_20.9;
T_20.3 ;
    %pushi/vec4 2, 0, 7;
    %assign/vec4 v0x56de714ade10_0, 0;
    %jmp T_20.9;
T_20.4 ;
    %pushi/vec4 4, 0, 7;
    %assign/vec4 v0x56de714ade10_0, 0;
    %jmp T_20.9;
T_20.5 ;
    %pushi/vec4 8, 0, 7;
    %assign/vec4 v0x56de714ade10_0, 0;
    %jmp T_20.9;
T_20.6 ;
    %pushi/vec4 16, 0, 7;
    %assign/vec4 v0x56de714ade10_0, 0;
    %jmp T_20.9;
T_20.7 ;
    %pushi/vec4 32, 0, 7;
    %assign/vec4 v0x56de714ade10_0, 0;
    %jmp T_20.9;
T_20.8 ;
    %pushi/vec4 64, 0, 7;
    %assign/vec4 v0x56de714ade10_0, 0;
    %jmp T_20.9;
T_20.9 ;
    %pop/vec4 1;
    %load/vec4 v0x56de714add30_0;
    %cmpi/e 6, 0, 3;
    %flag_mov 8, 4;
    %jmp/0 T_20.10, 8;
    %pushi/vec4 0, 0, 3;
    %jmp/1 T_20.11, 8;
T_20.10 ; End of true expr.
    %load/vec4 v0x56de714add30_0;
    %addi 1, 0, 3;
    %jmp/0 T_20.11, 8;
 ; End of false expr.
    %blend;
T_20.11;
    %assign/vec4 v0x56de714add30_0, 0;
    %jmp T_20.1;
T_20.0 ;
    %load/vec4 v0x56de714ad1b0_0;
    %load/vec4 v0x56de714adc50_0;
    %cmp/ne;
    %jmp/0xz  T_20.12, 4;
    %load/vec4 v0x56de714ad1b0_0;
    %assign/vec4 v0x56de714adc50_0, 0;
T_20.12 ;
T_20.1 ;
    %jmp T_20;
    .thread T_20;
    .scope S_0x56de71458300;
T_21 ;
    %pushi/vec4 0, 0, 1;
    %store/vec4 v0x56de714b5250_0, 0, 1;
    %end;
    .thread T_21;
    .scope S_0x56de71458300;
T_22 ;
    %delay 10000, 0;
    %load/vec4 v0x56de714b5250_0;
    %inv;
    %store/vec4 v0x56de714b5250_0, 0, 1;
    %jmp T_22;
    .thread T_22;
    .scope S_0x56de71458300;
T_23 ;
    %vpi_call 4 27 "$dumpfile", "tb_top.vcd" {0 0 0};
    %vpi_call 4 28 "$dumpvars", 32'sb11111111111111111111111111111111, S_0x56de714acb90 {0 0 0};
    %delay 3705032704, 1;
    %vpi_call 4 29 "$finish" {0 0 0};
    %end;
    .thread T_23;
# The file index is used to find the file name in the following table.
:file_names 11;
    "N/A";
    "<interactive>";
    "./RTC_Analisis/BCD.v";
    "./RTC_Analisis/BCDtoSSeg.v";
    "RTC_Analisis/tb_top.v";
    "./RTC_Analisis/top.v";
    "./RTC_Analisis/alarm_led.v";
    "./RTC_Analisis/beg_com.v";
    "./RTC_Analisis/lcddin_mod.v";
    "./RTC_Analisis/listen.v";
    "./RTC_Analisis/master.v";
